6月 03 18:27:11 fedora kernel: Linux version 5.17.11-300.fc36.x86_64 (mockbuild@bkernel01.iad2.fedoraproject.org) (gcc (GCC) 12.1.1 20220507 (Red Hat 12.1.1-1), GNU ld version 2.37-27.fc36) #1 SMP PREEMPT Wed May 25 15:04:05 UTC 2022
6月 03 18:27:11 fedora kernel: Command line: BOOT_IMAGE=(hd0,gpt2)/ostree/fedora-f5a96276436dff5631e221a4c9657b2cc4a1ce077e2dfc53a2cda8c65e2edd0b/vmlinuz-5.17.11-300.fc36.x86_64 resume=UUID=5ba106d7-6614-4e38-ba77-0244996d07d6 rhgb quiet root=UUID=ebbb378b-00bf-44ef-8381-a90a0a449d6a rootflags=subvol=root ostree=/ostree/boot.1/fedora/f5a96276436dff5631e221a4c9657b2cc4a1ce077e2dfc53a2cda8c65e2edd0b/0 rd.driver.blacklist=nouveau modprobe.blacklist=nouveau nvidia-drm.modeset=1
6月 03 18:27:11 fedora kernel: x86/fpu: Supporting XSAVE feature 0x001: 'x87 floating point registers'
6月 03 18:27:11 fedora kernel: x86/fpu: Supporting XSAVE feature 0x002: 'SSE registers'
6月 03 18:27:11 fedora kernel: x86/fpu: Supporting XSAVE feature 0x004: 'AVX registers'
6月 03 18:27:11 fedora kernel: x86/fpu: Supporting XSAVE feature 0x200: 'Protection Keys User registers'
6月 03 18:27:11 fedora kernel: x86/fpu: xstate_offset[2]:  576, xstate_sizes[2]:  256
6月 03 18:27:11 fedora kernel: x86/fpu: xstate_offset[9]:  832, xstate_sizes[9]:    8
6月 03 18:27:11 fedora kernel: x86/fpu: Enabled xstate features 0x207, context size is 840 bytes, using 'compacted' format.
6月 03 18:27:11 fedora kernel: signal: max sigframe size: 3376
6月 03 18:27:11 fedora kernel: BIOS-provided physical RAM map:
6月 03 18:27:11 fedora kernel: BIOS-e820: [mem 0x0000000000000000-0x000000000009ffff] usable
6月 03 18:27:11 fedora kernel: BIOS-e820: [mem 0x00000000000a0000-0x00000000000fffff] reserved
6月 03 18:27:11 fedora kernel: BIOS-e820: [mem 0x0000000000100000-0x0000000009bfefff] usable
6月 03 18:27:11 fedora kernel: BIOS-e820: [mem 0x0000000009bff000-0x000000000a000fff] reserved
6月 03 18:27:11 fedora kernel: BIOS-e820: [mem 0x000000000a001000-0x000000000a1fffff] usable
6月 03 18:27:11 fedora kernel: BIOS-e820: [mem 0x000000000a200000-0x000000000a20efff] ACPI NVS
6月 03 18:27:11 fedora kernel: BIOS-e820: [mem 0x000000000a20f000-0x00000000eb15afff] usable
6月 03 18:27:11 fedora kernel: BIOS-e820: [mem 0x00000000eb15b000-0x00000000ec679fff] reserved
6月 03 18:27:11 fedora kernel: BIOS-e820: [mem 0x00000000ec67a000-0x00000000ec6defff] ACPI data
6月 03 18:27:11 fedora kernel: BIOS-e820: [mem 0x00000000ec6df000-0x00000000ec95ffff] ACPI NVS
6月 03 18:27:11 fedora kernel: BIOS-e820: [mem 0x00000000ec960000-0x00000000ed1fefff] reserved
6月 03 18:27:11 fedora kernel: BIOS-e820: [mem 0x00000000ed1ff000-0x00000000edffffff] usable
6月 03 18:27:11 fedora kernel: BIOS-e820: [mem 0x00000000ee000000-0x00000000f7ffffff] reserved
6月 03 18:27:11 fedora kernel: BIOS-e820: [mem 0x00000000fd000000-0x00000000fdffffff] reserved
6月 03 18:27:11 fedora kernel: BIOS-e820: [mem 0x00000000feb80000-0x00000000fec01fff] reserved
6月 03 18:27:11 fedora kernel: BIOS-e820: [mem 0x00000000fec10000-0x00000000fec10fff] reserved
6月 03 18:27:11 fedora kernel: BIOS-e820: [mem 0x00000000fed00000-0x00000000fed00fff] reserved
6月 03 18:27:11 fedora kernel: BIOS-e820: [mem 0x00000000fed40000-0x00000000fed44fff] reserved
6月 03 18:27:11 fedora kernel: BIOS-e820: [mem 0x00000000fed80000-0x00000000fed8ffff] reserved
6月 03 18:27:11 fedora kernel: BIOS-e820: [mem 0x00000000fedc4000-0x00000000fedc9fff] reserved
6月 03 18:27:11 fedora kernel: BIOS-e820: [mem 0x00000000fedcc000-0x00000000fedcefff] reserved
6月 03 18:27:11 fedora kernel: BIOS-e820: [mem 0x00000000fedd5000-0x00000000fedd5fff] reserved
6月 03 18:27:11 fedora kernel: BIOS-e820: [mem 0x00000000ff000000-0x00000000ffffffff] reserved
6月 03 18:27:11 fedora kernel: BIOS-e820: [mem 0x0000000100000000-0x00000007ee2fffff] usable
6月 03 18:27:11 fedora kernel: BIOS-e820: [mem 0x00000007ee300000-0x000000080fffffff] reserved
6月 03 18:27:11 fedora kernel: The simpledrm driver will not be probed
6月 03 18:27:11 fedora kernel: NX (Execute Disable) protection: active
6月 03 18:27:11 fedora kernel: e820: update [mem 0xe7660018-0xe766d857] usable ==> usable
6月 03 18:27:11 fedora kernel: e820: update [mem 0xe7660018-0xe766d857] usable ==> usable
6月 03 18:27:11 fedora kernel: e820: update [mem 0xe7652018-0xe765f857] usable ==> usable
6月 03 18:27:11 fedora kernel: e820: update [mem 0xe7652018-0xe765f857] usable ==> usable
6月 03 18:27:11 fedora kernel: extended physical RAM map:
6月 03 18:27:11 fedora kernel: reserve setup_data: [mem 0x0000000000000000-0x000000000009ffff] usable
6月 03 18:27:11 fedora kernel: reserve setup_data: [mem 0x00000000000a0000-0x00000000000fffff] reserved
6月 03 18:27:11 fedora kernel: reserve setup_data: [mem 0x0000000000100000-0x0000000009bfefff] usable
6月 03 18:27:11 fedora kernel: reserve setup_data: [mem 0x0000000009bff000-0x000000000a000fff] reserved
6月 03 18:27:11 fedora kernel: reserve setup_data: [mem 0x000000000a001000-0x000000000a1fffff] usable
6月 03 18:27:11 fedora kernel: reserve setup_data: [mem 0x000000000a200000-0x000000000a20efff] ACPI NVS
6月 03 18:27:11 fedora kernel: reserve setup_data: [mem 0x000000000a20f000-0x00000000e7652017] usable
6月 03 18:27:11 fedora kernel: reserve setup_data: [mem 0x00000000e7652018-0x00000000e765f857] usable
6月 03 18:27:11 fedora kernel: reserve setup_data: [mem 0x00000000e765f858-0x00000000e7660017] usable
6月 03 18:27:11 fedora kernel: reserve setup_data: [mem 0x00000000e7660018-0x00000000e766d857] usable
6月 03 18:27:11 fedora kernel: reserve setup_data: [mem 0x00000000e766d858-0x00000000eb15afff] usable
6月 03 18:27:11 fedora kernel: reserve setup_data: [mem 0x00000000eb15b000-0x00000000ec679fff] reserved
6月 03 18:27:11 fedora kernel: reserve setup_data: [mem 0x00000000ec67a000-0x00000000ec6defff] ACPI data
6月 03 18:27:11 fedora kernel: reserve setup_data: [mem 0x00000000ec6df000-0x00000000ec95ffff] ACPI NVS
6月 03 18:27:11 fedora kernel: reserve setup_data: [mem 0x00000000ec960000-0x00000000ed1fefff] reserved
6月 03 18:27:11 fedora kernel: reserve setup_data: [mem 0x00000000ed1ff000-0x00000000edffffff] usable
6月 03 18:27:11 fedora kernel: reserve setup_data: [mem 0x00000000ee000000-0x00000000f7ffffff] reserved
6月 03 18:27:11 fedora kernel: reserve setup_data: [mem 0x00000000fd000000-0x00000000fdffffff] reserved
6月 03 18:27:11 fedora kernel: reserve setup_data: [mem 0x00000000feb80000-0x00000000fec01fff] reserved
6月 03 18:27:11 fedora kernel: reserve setup_data: [mem 0x00000000fec10000-0x00000000fec10fff] reserved
6月 03 18:27:11 fedora kernel: reserve setup_data: [mem 0x00000000fed00000-0x00000000fed00fff] reserved
6月 03 18:27:11 fedora kernel: reserve setup_data: [mem 0x00000000fed40000-0x00000000fed44fff] reserved
6月 03 18:27:11 fedora kernel: reserve setup_data: [mem 0x00000000fed80000-0x00000000fed8ffff] reserved
6月 03 18:27:11 fedora kernel: reserve setup_data: [mem 0x00000000fedc4000-0x00000000fedc9fff] reserved
6月 03 18:27:11 fedora kernel: reserve setup_data: [mem 0x00000000fedcc000-0x00000000fedcefff] reserved
6月 03 18:27:11 fedora kernel: reserve setup_data: [mem 0x00000000fedd5000-0x00000000fedd5fff] reserved
6月 03 18:27:11 fedora kernel: reserve setup_data: [mem 0x00000000ff000000-0x00000000ffffffff] reserved
6月 03 18:27:11 fedora kernel: reserve setup_data: [mem 0x0000000100000000-0x00000007ee2fffff] usable
6月 03 18:27:11 fedora kernel: reserve setup_data: [mem 0x00000007ee300000-0x000000080fffffff] reserved
6月 03 18:27:11 fedora kernel: efi: EFI v2.70 by American Megatrends
6月 03 18:27:11 fedora kernel: efi: ACPI=0xec6de000 ACPI 2.0=0xec6de014 TPMFinalLog=0xec8a6000 SMBIOS=0xed01b000 SMBIOS 3.0=0xed01a000 MEMATTR=0xe769c698 ESRT=0xea014818 MOKvar=0xe76b6000 RNG=0xed06b698 TPMEventLog=0xe76a8018 
6月 03 18:27:11 fedora kernel: efi: seeding entropy pool
6月 03 18:27:11 fedora kernel: random: fast init done
6月 03 18:27:11 fedora kernel: secureboot: Secure boot disabled
6月 03 18:27:11 fedora kernel: SMBIOS 3.3.0 present.
6月 03 18:27:11 fedora kernel: DMI: MECHREVO Umi Plus Series GM7ZQ7P/GM7ZQ7P, BIOS N.1.24MRO10 09/15/2021
6月 03 18:27:11 fedora kernel: tsc: Fast TSC calibration using PIT
6月 03 18:27:11 fedora kernel: tsc: Detected 3293.843 MHz processor
6月 03 18:27:11 fedora kernel: e820: update [mem 0x00000000-0x00000fff] usable ==> reserved
6月 03 18:27:11 fedora kernel: e820: remove [mem 0x000a0000-0x000fffff] usable
6月 03 18:27:11 fedora kernel: last_pfn = 0x7ee300 max_arch_pfn = 0x400000000
6月 03 18:27:11 fedora kernel: x86/PAT: Configuration [0-7]: WB  WC  UC- UC  WB  WP  UC- WT  
6月 03 18:27:11 fedora kernel: e820: update [mem 0xf0000000-0xffffffff] usable ==> reserved
6月 03 18:27:11 fedora kernel: last_pfn = 0xee000 max_arch_pfn = 0x400000000
6月 03 18:27:11 fedora kernel: esrt: Reserving ESRT space from 0x00000000ea014818 to 0x00000000ea014850.
6月 03 18:27:11 fedora kernel: e820: update [mem 0xea014000-0xea014fff] usable ==> reserved
6月 03 18:27:11 fedora kernel: e820: update [mem 0xe76b6000-0xe76b6fff] usable ==> reserved
6月 03 18:27:11 fedora kernel: Using GB pages for direct mapping
6月 03 18:27:11 fedora kernel: secureboot: Secure boot disabled
6月 03 18:27:11 fedora kernel: RAMDISK: [mem 0x57fc3000-0x5c563fff]
6月 03 18:27:11 fedora kernel: ACPI: Early table checksum verification disabled
6月 03 18:27:11 fedora kernel: ACPI: RSDP 0x00000000EC6DE014 000024 (v02 ALASKA)
6月 03 18:27:11 fedora kernel: ACPI: XSDT 0x00000000EC6DD728 00011C (v01 ALASKA A M I    01072009 AMI  01000013)
6月 03 18:27:11 fedora kernel: ACPI: FACP 0x00000000EC6CE000 000114 (v06 ALASKA A M I    01072009 AMI  00010013)
6月 03 18:27:11 fedora kernel: ACPI: DSDT 0x00000000EC6C2000 00B3D0 (v02 ALASKA A M I    01072009 INTL 20190509)
6月 03 18:27:11 fedora kernel: ACPI: FACS 0x00000000EC8A4000 000040
6月 03 18:27:11 fedora kernel: ACPI: MSDM 0x00000000EC6DC000 000055 (v03 ALASKA A M I    01072009 AMI  01000013)
6月 03 18:27:11 fedora kernel: ACPI: SSDT 0x00000000EC6D4000 007229 (v02 AMD    AmdTable 00000002 MSFT 04000000)
6月 03 18:27:11 fedora kernel: ACPI: IVRS 0x00000000EC6D3000 0001A4 (v02 AMD    AmdTable 00000001 AMD  00000000)
6月 03 18:27:11 fedora kernel: ACPI: SSDT 0x00000000EC6CF000 003A21 (v01 AMD    AMD AOD  00000001 INTL 20190509)
6月 03 18:27:11 fedora kernel: ACPI: FIDT 0x00000000EC6C1000 00009C (v01 ALASKA A M I    01072009 AMI  00010013)
6月 03 18:27:11 fedora kernel: ACPI: MCFG 0x00000000EC6C0000 00003C (v01 ALASKA A M I    01072009 MSFT 00010013)
6月 03 18:27:11 fedora kernel: ACPI: HPET 0x00000000EC6BF000 000038 (v01 ALASKA A M I    01072009 AMI  00000005)
6月 03 18:27:11 fedora kernel: ACPI: VFCT 0x00000000EC6B1000 00D884 (v01 ALASKA A M I    00000001 AMD  31504F47)
6月 03 18:27:11 fedora kernel: ACPI: BGRT 0x00000000EC6B0000 000038 (v01 ALASKA A M I    01072009 AMI  00010013)
6月 03 18:27:11 fedora kernel: ACPI: TPM2 0x00000000EC6AF000 00004C (v04 ALASKA A M I    00000001 AMI  00000000)
6月 03 18:27:11 fedora kernel: ACPI: SSDT 0x00000000EC6A9000 005354 (v02 AMD    AmdTable 00000001 AMD  00000001)
6月 03 18:27:11 fedora kernel: ACPI: CRAT 0x00000000EC6A8000 000EE8 (v01 AMD    AmdTable 00000001 AMD  00000001)
6月 03 18:27:11 fedora kernel: ACPI: CDIT 0x00000000EC6A7000 000029 (v01 AMD    AmdTable 00000001 AMD  00000001)
6月 03 18:27:11 fedora kernel: ACPI: SSDT 0x00000000EC6A4000 002D7A (v01 OptRf2 Opt2Tabl 00001000 INTL 20190509)
6月 03 18:27:11 fedora kernel: ACPI: SSDT 0x00000000EC6A3000 000149 (v01 AMD    AmdTable 00000001 INTL 20190509)
6月 03 18:27:11 fedora kernel: ACPI: SSDT 0x00000000EC6A2000 00048C (v01 AMD    AmdTable 00000001 INTL 20190509)
6月 03 18:27:11 fedora kernel: ACPI: SSDT 0x00000000EC6A1000 000647 (v01 AMD    AmdTable 00000001 INTL 20190509)
6月 03 18:27:11 fedora kernel: ACPI: SSDT 0x00000000EC69F000 001486 (v01 AMD    AmdTable 00000001 INTL 20190509)
6月 03 18:27:11 fedora kernel: ACPI: SSDT 0x00000000EC69D000 0014F6 (v01 AMD    AmdTable 00000001 INTL 20190509)
6月 03 18:27:11 fedora kernel: ACPI: SSDT 0x00000000EC69C000 0005F6 (v01 AMD    AmdTable 00000001 INTL 20190509)
6月 03 18:27:11 fedora kernel: ACPI: SSDT 0x00000000EC698000 0036E3 (v01 AMD    AmdTable 00000001 INTL 20190509)
6月 03 18:27:11 fedora kernel: ACPI: WSMT 0x00000000EC697000 000028 (v01 ALASKA A M I    01072009 AMI  00010013)
6月 03 18:27:11 fedora kernel: ACPI: APIC 0x00000000EC696000 0000DE (v03 ALASKA A M I    01072009 AMI  00010013)
6月 03 18:27:11 fedora kernel: ACPI: SSDT 0x00000000EC695000 00008D (v01 AMD    AmdTable 00000001 INTL 20190509)
6月 03 18:27:11 fedora kernel: ACPI: SSDT 0x00000000EC694000 000917 (v01 AMD    AmdTable 00000001 INTL 20190509)
6月 03 18:27:11 fedora kernel: ACPI: SSDT 0x00000000EC692000 001040 (v01 AMD    AmdTable 00000001 INTL 20190509)
6月 03 18:27:11 fedora kernel: ACPI: SSDT 0x00000000EC691000 000241 (v01 AMD    AmdTable 00000001 INTL 20190509)
6月 03 18:27:11 fedora kernel: ACPI: SSDT 0x00000000EC690000 0005BC (v01 AMD    AmdTable 00000001 INTL 20190509)
6月 03 18:27:11 fedora kernel: ACPI: SSDT 0x00000000EC68F000 00065E (v01 AMD    AmdTable 00000001 INTL 20190509)
6月 03 18:27:11 fedora kernel: ACPI: FPDT 0x00000000EC68E000 000044 (v01 ALASKA A M I    01072009 AMI  01000013)
6月 03 18:27:11 fedora kernel: ACPI: Reserving FACP table memory at [mem 0xec6ce000-0xec6ce113]
6月 03 18:27:11 fedora kernel: ACPI: Reserving DSDT table memory at [mem 0xec6c2000-0xec6cd3cf]
6月 03 18:27:11 fedora kernel: ACPI: Reserving FACS table memory at [mem 0xec8a4000-0xec8a403f]
6月 03 18:27:11 fedora kernel: ACPI: Reserving MSDM table memory at [mem 0xec6dc000-0xec6dc054]
6月 03 18:27:11 fedora kernel: ACPI: Reserving SSDT table memory at [mem 0xec6d4000-0xec6db228]
6月 03 18:27:11 fedora kernel: ACPI: Reserving IVRS table memory at [mem 0xec6d3000-0xec6d31a3]
6月 03 18:27:11 fedora kernel: ACPI: Reserving SSDT table memory at [mem 0xec6cf000-0xec6d2a20]
6月 03 18:27:11 fedora kernel: ACPI: Reserving FIDT table memory at [mem 0xec6c1000-0xec6c109b]
6月 03 18:27:11 fedora kernel: ACPI: Reserving MCFG table memory at [mem 0xec6c0000-0xec6c003b]
6月 03 18:27:11 fedora kernel: ACPI: Reserving HPET table memory at [mem 0xec6bf000-0xec6bf037]
6月 03 18:27:11 fedora kernel: ACPI: Reserving VFCT table memory at [mem 0xec6b1000-0xec6be883]
6月 03 18:27:11 fedora kernel: ACPI: Reserving BGRT table memory at [mem 0xec6b0000-0xec6b0037]
6月 03 18:27:11 fedora kernel: ACPI: Reserving TPM2 table memory at [mem 0xec6af000-0xec6af04b]
6月 03 18:27:11 fedora kernel: ACPI: Reserving SSDT table memory at [mem 0xec6a9000-0xec6ae353]
6月 03 18:27:11 fedora kernel: ACPI: Reserving CRAT table memory at [mem 0xec6a8000-0xec6a8ee7]
6月 03 18:27:11 fedora kernel: ACPI: Reserving CDIT table memory at [mem 0xec6a7000-0xec6a7028]
6月 03 18:27:11 fedora kernel: ACPI: Reserving SSDT table memory at [mem 0xec6a4000-0xec6a6d79]
6月 03 18:27:11 fedora kernel: ACPI: Reserving SSDT table memory at [mem 0xec6a3000-0xec6a3148]
6月 03 18:27:11 fedora kernel: ACPI: Reserving SSDT table memory at [mem 0xec6a2000-0xec6a248b]
6月 03 18:27:11 fedora kernel: ACPI: Reserving SSDT table memory at [mem 0xec6a1000-0xec6a1646]
6月 03 18:27:11 fedora kernel: ACPI: Reserving SSDT table memory at [mem 0xec69f000-0xec6a0485]
6月 03 18:27:11 fedora kernel: ACPI: Reserving SSDT table memory at [mem 0xec69d000-0xec69e4f5]
6月 03 18:27:11 fedora kernel: ACPI: Reserving SSDT table memory at [mem 0xec69c000-0xec69c5f5]
6月 03 18:27:11 fedora kernel: ACPI: Reserving SSDT table memory at [mem 0xec698000-0xec69b6e2]
6月 03 18:27:11 fedora kernel: ACPI: Reserving WSMT table memory at [mem 0xec697000-0xec697027]
6月 03 18:27:11 fedora kernel: ACPI: Reserving APIC table memory at [mem 0xec696000-0xec6960dd]
6月 03 18:27:11 fedora kernel: ACPI: Reserving SSDT table memory at [mem 0xec695000-0xec69508c]
6月 03 18:27:11 fedora kernel: ACPI: Reserving SSDT table memory at [mem 0xec694000-0xec694916]
6月 03 18:27:11 fedora kernel: ACPI: Reserving SSDT table memory at [mem 0xec692000-0xec69303f]
6月 03 18:27:11 fedora kernel: ACPI: Reserving SSDT table memory at [mem 0xec691000-0xec691240]
6月 03 18:27:11 fedora kernel: ACPI: Reserving SSDT table memory at [mem 0xec690000-0xec6905bb]
6月 03 18:27:11 fedora kernel: ACPI: Reserving SSDT table memory at [mem 0xec68f000-0xec68f65d]
6月 03 18:27:11 fedora kernel: ACPI: Reserving FPDT table memory at [mem 0xec68e000-0xec68e043]
6月 03 18:27:11 fedora kernel: No NUMA configuration found
6月 03 18:27:11 fedora kernel: Faking a node at [mem 0x0000000000000000-0x00000007ee2fffff]
6月 03 18:27:11 fedora kernel: NODE_DATA(0) allocated [mem 0x7ee2d5000-0x7ee2fffff]
6月 03 18:27:11 fedora kernel: Zone ranges:
6月 03 18:27:11 fedora kernel:   DMA      [mem 0x0000000000001000-0x0000000000ffffff]
6月 03 18:27:11 fedora kernel:   DMA32    [mem 0x0000000001000000-0x00000000ffffffff]
6月 03 18:27:11 fedora kernel:   Normal   [mem 0x0000000100000000-0x00000007ee2fffff]
6月 03 18:27:11 fedora kernel:   Device   empty
6月 03 18:27:11 fedora kernel: Movable zone start for each node
6月 03 18:27:11 fedora kernel: Early memory node ranges
6月 03 18:27:11 fedora kernel:   node   0: [mem 0x0000000000001000-0x000000000009ffff]
6月 03 18:27:11 fedora kernel:   node   0: [mem 0x0000000000100000-0x0000000009bfefff]
6月 03 18:27:11 fedora kernel:   node   0: [mem 0x000000000a001000-0x000000000a1fffff]
6月 03 18:27:11 fedora kernel:   node   0: [mem 0x000000000a20f000-0x00000000eb15afff]
6月 03 18:27:11 fedora kernel:   node   0: [mem 0x00000000ed1ff000-0x00000000edffffff]
6月 03 18:27:11 fedora kernel:   node   0: [mem 0x0000000100000000-0x00000007ee2fffff]
6月 03 18:27:11 fedora kernel: Initmem setup node 0 [mem 0x0000000000001000-0x00000007ee2fffff]
6月 03 18:27:11 fedora kernel: On node 0, zone DMA: 1 pages in unavailable ranges
6月 03 18:27:11 fedora kernel: On node 0, zone DMA: 96 pages in unavailable ranges
6月 03 18:27:11 fedora kernel: On node 0, zone DMA32: 1026 pages in unavailable ranges
6月 03 18:27:11 fedora kernel: On node 0, zone DMA32: 15 pages in unavailable ranges
6月 03 18:27:11 fedora kernel: On node 0, zone DMA32: 8356 pages in unavailable ranges
6月 03 18:27:11 fedora kernel: On node 0, zone Normal: 8192 pages in unavailable ranges
6月 03 18:27:11 fedora kernel: On node 0, zone Normal: 7424 pages in unavailable ranges
6月 03 18:27:11 fedora kernel: ACPI: PM-Timer IO Port: 0x808
6月 03 18:27:11 fedora kernel: ACPI: LAPIC_NMI (acpi_id[0xff] high edge lint[0x1])
6月 03 18:27:11 fedora kernel: IOAPIC[0]: apic_id 33, version 33, address 0xfec00000, GSI 0-23
6月 03 18:27:11 fedora kernel: IOAPIC[1]: apic_id 34, version 33, address 0xfec01000, GSI 24-55
6月 03 18:27:11 fedora kernel: ACPI: INT_SRC_OVR (bus 0 bus_irq 0 global_irq 2 dfl dfl)
6月 03 18:27:11 fedora kernel: ACPI: INT_SRC_OVR (bus 0 bus_irq 9 global_irq 9 low level)
6月 03 18:27:11 fedora kernel: ACPI: Using ACPI (MADT) for SMP configuration information
6月 03 18:27:11 fedora kernel: ACPI: HPET id: 0x10228201 base: 0xfed00000
6月 03 18:27:11 fedora kernel: e820: update [mem 0xe80a8000-0xe8139fff] usable ==> reserved
6月 03 18:27:11 fedora kernel: smpboot: Allowing 16 CPUs, 0 hotplug CPUs
6月 03 18:27:11 fedora kernel: PM: hibernation: Registered nosave memory: [mem 0x00000000-0x00000fff]
6月 03 18:27:11 fedora kernel: PM: hibernation: Registered nosave memory: [mem 0x000a0000-0x000fffff]
6月 03 18:27:11 fedora kernel: PM: hibernation: Registered nosave memory: [mem 0x09bff000-0x0a000fff]
6月 03 18:27:11 fedora kernel: PM: hibernation: Registered nosave memory: [mem 0x0a200000-0x0a20efff]
6月 03 18:27:11 fedora kernel: PM: hibernation: Registered nosave memory: [mem 0xe7652000-0xe7652fff]
6月 03 18:27:11 fedora kernel: PM: hibernation: Registered nosave memory: [mem 0xe765f000-0xe765ffff]
6月 03 18:27:11 fedora kernel: PM: hibernation: Registered nosave memory: [mem 0xe7660000-0xe7660fff]
6月 03 18:27:11 fedora kernel: PM: hibernation: Registered nosave memory: [mem 0xe766d000-0xe766dfff]
6月 03 18:27:11 fedora kernel: PM: hibernation: Registered nosave memory: [mem 0xe76b6000-0xe76b6fff]
6月 03 18:27:11 fedora kernel: PM: hibernation: Registered nosave memory: [mem 0xe80a8000-0xe8139fff]
6月 03 18:27:11 fedora kernel: PM: hibernation: Registered nosave memory: [mem 0xea014000-0xea014fff]
6月 03 18:27:11 fedora kernel: PM: hibernation: Registered nosave memory: [mem 0xeb15b000-0xec679fff]
6月 03 18:27:11 fedora kernel: PM: hibernation: Registered nosave memory: [mem 0xec67a000-0xec6defff]
6月 03 18:27:11 fedora kernel: PM: hibernation: Registered nosave memory: [mem 0xec6df000-0xec95ffff]
6月 03 18:27:11 fedora kernel: PM: hibernation: Registered nosave memory: [mem 0xec960000-0xed1fefff]
6月 03 18:27:11 fedora kernel: PM: hibernation: Registered nosave memory: [mem 0xee000000-0xf7ffffff]
6月 03 18:27:11 fedora kernel: PM: hibernation: Registered nosave memory: [mem 0xf8000000-0xfcffffff]
6月 03 18:27:11 fedora kernel: PM: hibernation: Registered nosave memory: [mem 0xfd000000-0xfdffffff]
6月 03 18:27:11 fedora kernel: PM: hibernation: Registered nosave memory: [mem 0xfe000000-0xfeb7ffff]
6月 03 18:27:11 fedora kernel: PM: hibernation: Registered nosave memory: [mem 0xfeb80000-0xfec01fff]
6月 03 18:27:11 fedora kernel: PM: hibernation: Registered nosave memory: [mem 0xfec02000-0xfec0ffff]
6月 03 18:27:11 fedora kernel: PM: hibernation: Registered nosave memory: [mem 0xfec10000-0xfec10fff]
6月 03 18:27:11 fedora kernel: PM: hibernation: Registered nosave memory: [mem 0xfec11000-0xfecfffff]
6月 03 18:27:11 fedora kernel: PM: hibernation: Registered nosave memory: [mem 0xfed00000-0xfed00fff]
6月 03 18:27:11 fedora kernel: PM: hibernation: Registered nosave memory: [mem 0xfed01000-0xfed3ffff]
6月 03 18:27:11 fedora kernel: PM: hibernation: Registered nosave memory: [mem 0xfed40000-0xfed44fff]
6月 03 18:27:11 fedora kernel: PM: hibernation: Registered nosave memory: [mem 0xfed45000-0xfed7ffff]
6月 03 18:27:11 fedora kernel: PM: hibernation: Registered nosave memory: [mem 0xfed80000-0xfed8ffff]
6月 03 18:27:11 fedora kernel: PM: hibernation: Registered nosave memory: [mem 0xfed90000-0xfedc3fff]
6月 03 18:27:11 fedora kernel: PM: hibernation: Registered nosave memory: [mem 0xfedc4000-0xfedc9fff]
6月 03 18:27:11 fedora kernel: PM: hibernation: Registered nosave memory: [mem 0xfedca000-0xfedcbfff]
6月 03 18:27:11 fedora kernel: PM: hibernation: Registered nosave memory: [mem 0xfedcc000-0xfedcefff]
6月 03 18:27:11 fedora kernel: PM: hibernation: Registered nosave memory: [mem 0xfedcf000-0xfedd4fff]
6月 03 18:27:11 fedora kernel: PM: hibernation: Registered nosave memory: [mem 0xfedd5000-0xfedd5fff]
6月 03 18:27:11 fedora kernel: PM: hibernation: Registered nosave memory: [mem 0xfedd6000-0xfeffffff]
6月 03 18:27:11 fedora kernel: PM: hibernation: Registered nosave memory: [mem 0xff000000-0xffffffff]
6月 03 18:27:11 fedora kernel: [mem 0xf8000000-0xfcffffff] available for PCI devices
6月 03 18:27:11 fedora kernel: Booting paravirtualized kernel on bare hardware
6月 03 18:27:11 fedora kernel: clocksource: refined-jiffies: mask: 0xffffffff max_cycles: 0xffffffff, max_idle_ns: 1910969940391419 ns
6月 03 18:27:11 fedora kernel: setup_percpu: NR_CPUS:8192 nr_cpumask_bits:16 nr_cpu_ids:16 nr_node_ids:1
6月 03 18:27:11 fedora kernel: percpu: Embedded 61 pages/cpu s212992 r8192 d28672 u262144
6月 03 18:27:11 fedora kernel: pcpu-alloc: s212992 r8192 d28672 u262144 alloc=1*2097152
6月 03 18:27:11 fedora kernel: pcpu-alloc: [0] 00 01 02 03 04 05 06 07 [0] 08 09 10 11 12 13 14 15 
6月 03 18:27:11 fedora kernel: Fallback order for Node 0: 0 
6月 03 18:27:11 fedora kernel: Built 1 zonelists, mobility grouping on.  Total pages: 8103633
6月 03 18:27:11 fedora kernel: Policy zone: Normal
6月 03 18:27:11 fedora kernel: Kernel command line: BOOT_IMAGE=(hd0,gpt2)/ostree/fedora-f5a96276436dff5631e221a4c9657b2cc4a1ce077e2dfc53a2cda8c65e2edd0b/vmlinuz-5.17.11-300.fc36.x86_64 resume=UUID=5ba106d7-6614-4e38-ba77-0244996d07d6 rhgb quiet root=UUID=ebbb378b-00bf-44ef-8381-a90a0a449d6a rootflags=subvol=root ostree=/ostree/boot.1/fedora/f5a96276436dff5631e221a4c9657b2cc4a1ce077e2dfc53a2cda8c65e2edd0b/0 rd.driver.blacklist=nouveau modprobe.blacklist=nouveau nvidia-drm.modeset=1
6月 03 18:27:11 fedora kernel: Unknown kernel command line parameters "rhgb BOOT_IMAGE=(hd0,gpt2)/ostree/fedora-f5a96276436dff5631e221a4c9657b2cc4a1ce077e2dfc53a2cda8c65e2edd0b/vmlinuz-5.17.11-300.fc36.x86_64 ostree=/ostree/boot.1/fedora/f5a96276436dff5631e221a4c9657b2cc4a1ce077e2dfc53a2cda8c65e2edd0b/0", will be passed to user space.
6月 03 18:27:11 fedora kernel: Dentry cache hash table entries: 4194304 (order: 13, 33554432 bytes, linear)
6月 03 18:27:11 fedora kernel: Inode-cache hash table entries: 2097152 (order: 12, 16777216 bytes, linear)
6月 03 18:27:11 fedora kernel: mem auto-init: stack:off, heap alloc:off, heap free:off
6月 03 18:27:11 fedora kernel: Memory: 32101512K/32929704K available (16393K kernel code, 3661K rwdata, 11180K rodata, 2708K init, 6180K bss, 827932K reserved, 0K cma-reserved)
6月 03 18:27:11 fedora kernel: random: get_random_u64 called from __kmem_cache_create+0x2a/0x530 with crng_init=1
6月 03 18:27:11 fedora kernel: SLUB: HWalign=64, Order=0-3, MinObjects=0, CPUs=16, Nodes=1
6月 03 18:27:11 fedora kernel: ftrace: allocating 49741 entries in 195 pages
6月 03 18:27:11 fedora kernel: ftrace: allocated 195 pages with 4 groups
6月 03 18:27:11 fedora kernel: Dynamic Preempt: voluntary
6月 03 18:27:11 fedora kernel: rcu: Preemptible hierarchical RCU implementation.
6月 03 18:27:11 fedora kernel: rcu:         RCU restricting CPUs from NR_CPUS=8192 to nr_cpu_ids=16.
6月 03 18:27:11 fedora kernel:         Trampoline variant of Tasks RCU enabled.
6月 03 18:27:11 fedora kernel:         Rude variant of Tasks RCU enabled.
6月 03 18:27:11 fedora kernel:         Tracing variant of Tasks RCU enabled.
6月 03 18:27:11 fedora kernel: rcu: RCU calculated value of scheduler-enlistment delay is 100 jiffies.
6月 03 18:27:11 fedora kernel: rcu: Adjusting geometry for rcu_fanout_leaf=16, nr_cpu_ids=16
6月 03 18:27:11 fedora kernel: NR_IRQS: 524544, nr_irqs: 1096, preallocated irqs: 16
6月 03 18:27:11 fedora kernel: random: crng init done (trusting CPU's manufacturer)
6月 03 18:27:11 fedora kernel: Console: colour dummy device 80x25
6月 03 18:27:11 fedora kernel: printk: console [tty0] enabled
6月 03 18:27:11 fedora kernel: ACPI: Core revision 20211217
6月 03 18:27:11 fedora kernel: clocksource: hpet: mask: 0xffffffff max_cycles: 0xffffffff, max_idle_ns: 133484873504 ns
6月 03 18:27:11 fedora kernel: APIC: Switch to symmetric I/O mode setup
6月 03 18:27:11 fedora kernel: AMD-Vi: ivrs, add hid:AMDI0020, uid:\_SB.FUR0, rdevid:160
6月 03 18:27:11 fedora kernel: AMD-Vi: ivrs, add hid:AMDI0020, uid:\_SB.FUR1, rdevid:160
6月 03 18:27:11 fedora kernel: AMD-Vi: ivrs, add hid:AMDI0020, uid:\_SB.FUR2, rdevid:160
6月 03 18:27:11 fedora kernel: AMD-Vi: ivrs, add hid:AMDI0020, uid:\_SB.FUR3, rdevid:160
6月 03 18:27:11 fedora kernel: Switched APIC routing to physical flat.
6月 03 18:27:11 fedora kernel: ..TIMER: vector=0x30 apic1=0 pin1=2 apic2=-1 pin2=-1
6月 03 18:27:11 fedora kernel: clocksource: tsc-early: mask: 0xffffffffffffffff max_cycles: 0x2f7a945ce7b, max_idle_ns: 440795356303 ns
6月 03 18:27:11 fedora kernel: Calibrating delay loop (skipped), value calculated using timer frequency.. 6587.68 BogoMIPS (lpj=3293843)
6月 03 18:27:11 fedora kernel: pid_max: default: 32768 minimum: 301
6月 03 18:27:11 fedora kernel: LSM: Security Framework initializing
6月 03 18:27:11 fedora kernel: Yama: becoming mindful.
6月 03 18:27:11 fedora kernel: SELinux:  Initializing.
6月 03 18:27:11 fedora kernel: LSM support for eBPF active
6月 03 18:27:11 fedora kernel: landlock: Up and running.
6月 03 18:27:11 fedora kernel: Mount-cache hash table entries: 65536 (order: 7, 524288 bytes, linear)
6月 03 18:27:11 fedora kernel: Mountpoint-cache hash table entries: 65536 (order: 7, 524288 bytes, linear)
6月 03 18:27:11 fedora kernel: x86/cpu: User Mode Instruction Prevention (UMIP) activated
6月 03 18:27:11 fedora kernel: LVT offset 1 assigned for vector 0xf9
6月 03 18:27:11 fedora kernel: LVT offset 2 assigned for vector 0xf4
6月 03 18:27:11 fedora kernel: Last level iTLB entries: 4KB 512, 2MB 512, 4MB 256
6月 03 18:27:11 fedora kernel: Last level dTLB entries: 4KB 2048, 2MB 2048, 4MB 1024, 1GB 0
6月 03 18:27:11 fedora kernel: Spectre V1 : Mitigation: usercopy/swapgs barriers and __user pointer sanitization
6月 03 18:27:11 fedora kernel: Spectre V2 : Mitigation: Retpolines
6月 03 18:27:11 fedora kernel: Spectre V2 : Spectre v2 / SpectreRSB mitigation: Filling RSB on context switch
6月 03 18:27:11 fedora kernel: Spectre V2 : Enabling Restricted Speculation for firmware calls
6月 03 18:27:11 fedora kernel: Spectre V2 : mitigation: Enabling conditional Indirect Branch Prediction Barrier
6月 03 18:27:11 fedora kernel: Spectre V2 : User space: Mitigation: STIBP always-on protection
6月 03 18:27:11 fedora kernel: Speculative Store Bypass: Mitigation: Speculative Store Bypass disabled via prctl
6月 03 18:27:11 fedora kernel: Freeing SMP alternatives memory: 44K
6月 03 18:27:11 fedora kernel: smpboot: CPU0: AMD Ryzen 9 5900HX with Radeon Graphics (family: 0x19, model: 0x50, stepping: 0x0)
6月 03 18:27:11 fedora kernel: cblist_init_generic: Setting adjustable number of callback queues.
6月 03 18:27:11 fedora kernel: cblist_init_generic: Setting shift to 4 and lim to 1.
6月 03 18:27:11 fedora kernel: cblist_init_generic: Setting shift to 4 and lim to 1.
6月 03 18:27:11 fedora kernel: cblist_init_generic: Setting shift to 4 and lim to 1.
6月 03 18:27:11 fedora kernel: Performance Events: Fam17h+ core perfctr, AMD PMU driver.
6月 03 18:27:11 fedora kernel: ... version:                0
6月 03 18:27:11 fedora kernel: ... bit width:              48
6月 03 18:27:11 fedora kernel: ... generic registers:      6
6月 03 18:27:11 fedora kernel: ... value mask:             0000ffffffffffff
6月 03 18:27:11 fedora kernel: ... max period:             00007fffffffffff
6月 03 18:27:11 fedora kernel: ... fixed-purpose events:   0
6月 03 18:27:11 fedora kernel: ... event mask:             000000000000003f
6月 03 18:27:11 fedora kernel: rcu: Hierarchical SRCU implementation.
6月 03 18:27:11 fedora kernel: NMI watchdog: Enabled. Permanently consumes one hw-PMU counter.
6月 03 18:27:11 fedora kernel: smp: Bringing up secondary CPUs ...
6月 03 18:27:11 fedora kernel: x86: Booting SMP configuration:
6月 03 18:27:11 fedora kernel: .... node  #0, CPUs:        #1
6月 03 18:27:11 fedora kernel: Spectre V2 : Update user space SMT mitigation: STIBP always-on
6月 03 18:27:11 fedora kernel:   #2  #3  #4  #5  #6  #7  #8  #9 #10 #11 #12 #13 #14 #15
6月 03 18:27:11 fedora kernel: smp: Brought up 1 node, 16 CPUs
6月 03 18:27:11 fedora kernel: smpboot: Max logical packages: 1
6月 03 18:27:11 fedora kernel: smpboot: Total of 16 processors activated (105402.97 BogoMIPS)
6月 03 18:27:11 fedora kernel: devtmpfs: initialized
6月 03 18:27:11 fedora kernel: x86/mm: Memory block size: 128MB
6月 03 18:27:11 fedora kernel: ACPI: PM: Registering ACPI NVS region [mem 0x0a200000-0x0a20efff] (61440 bytes)
6月 03 18:27:11 fedora kernel: ACPI: PM: Registering ACPI NVS region [mem 0xec6df000-0xec95ffff] (2625536 bytes)
6月 03 18:27:11 fedora kernel: clocksource: jiffies: mask: 0xffffffff max_cycles: 0xffffffff, max_idle_ns: 1911260446275000 ns
6月 03 18:27:11 fedora kernel: futex hash table entries: 4096 (order: 6, 262144 bytes, linear)
6月 03 18:27:11 fedora kernel: pinctrl core: initialized pinctrl subsystem
6月 03 18:27:11 fedora kernel: PM: RTC time: 10:27:10, date: 2022-06-03
6月 03 18:27:11 fedora kernel: NET: Registered PF_NETLINK/PF_ROUTE protocol family
6月 03 18:27:11 fedora kernel: DMA: preallocated 4096 KiB GFP_KERNEL pool for atomic allocations
6月 03 18:27:11 fedora kernel: DMA: preallocated 4096 KiB GFP_KERNEL|GFP_DMA pool for atomic allocations
6月 03 18:27:11 fedora kernel: DMA: preallocated 4096 KiB GFP_KERNEL|GFP_DMA32 pool for atomic allocations
6月 03 18:27:11 fedora kernel: audit: initializing netlink subsys (disabled)
6月 03 18:27:11 fedora kernel: audit: type=2000 audit(1654252030.133:1): state=initialized audit_enabled=0 res=1
6月 03 18:27:11 fedora kernel: thermal_sys: Registered thermal governor 'fair_share'
6月 03 18:27:11 fedora kernel: thermal_sys: Registered thermal governor 'bang_bang'
6月 03 18:27:11 fedora kernel: thermal_sys: Registered thermal governor 'step_wise'
6月 03 18:27:11 fedora kernel: thermal_sys: Registered thermal governor 'user_space'
6月 03 18:27:11 fedora kernel: cpuidle: using governor menu
6月 03 18:27:11 fedora kernel: acpiphp: ACPI Hot Plug PCI Controller Driver version: 0.5
6月 03 18:27:11 fedora kernel: PCI: MMCONFIG for domain 0000 [bus 00-7f] at [mem 0xf0000000-0xf7ffffff] (base 0xf0000000)
6月 03 18:27:11 fedora kernel: PCI: MMCONFIG at [mem 0xf0000000-0xf7ffffff] reserved in E820
6月 03 18:27:11 fedora kernel: PCI: Using configuration type 1 for base access
6月 03 18:27:11 fedora kernel: kprobes: kprobe jump-optimization is enabled. All kprobes are optimized if possible.
6月 03 18:27:11 fedora kernel: HugeTLB registered 1.00 GiB page size, pre-allocated 0 pages
6月 03 18:27:11 fedora kernel: HugeTLB registered 2.00 MiB page size, pre-allocated 0 pages
6月 03 18:27:11 fedora kernel: cryptd: max_cpu_qlen set to 1000
6月 03 18:27:11 fedora kernel: raid6: skipped pq benchmark and selected avx2x4
6月 03 18:27:11 fedora kernel: raid6: using avx2x2 recovery algorithm
6月 03 18:27:11 fedora kernel: ACPI: Added _OSI(Module Device)
6月 03 18:27:11 fedora kernel: ACPI: Added _OSI(Processor Device)
6月 03 18:27:11 fedora kernel: ACPI: Added _OSI(3.0 _SCP Extensions)
6月 03 18:27:11 fedora kernel: ACPI: Added _OSI(Processor Aggregator Device)
6月 03 18:27:11 fedora kernel: ACPI: Added _OSI(Linux-Dell-Video)
6月 03 18:27:11 fedora kernel: ACPI: Added _OSI(Linux-Lenovo-NV-HDMI-Audio)
6月 03 18:27:11 fedora kernel: ACPI: Added _OSI(Linux-HPI-Hybrid-Graphics)
6月 03 18:27:11 fedora kernel: ACPI: 18 ACPI AML tables successfully acquired and loaded
6月 03 18:27:11 fedora kernel: ACPI: [Firmware Bug]: BIOS _OSI(Linux) query ignored
6月 03 18:27:11 fedora kernel: ACPI: EC: EC started
6月 03 18:27:11 fedora kernel: ACPI: EC: interrupt blocked
6月 03 18:27:11 fedora kernel: ACPI: EC: EC_CMD/EC_SC=0x66, EC_DATA=0x62
6月 03 18:27:11 fedora kernel: ACPI: \_SB_.PCI0.SBRG.EC0_: Boot DSDT EC used to handle transactions
6月 03 18:27:11 fedora kernel: ACPI: Interpreter enabled
6月 03 18:27:11 fedora kernel: ACPI: PM: (supports S0 S4 S5)
6月 03 18:27:11 fedora kernel: ACPI: Using IOAPIC for interrupt routing
6月 03 18:27:11 fedora kernel: PCI: Using host bridge windows from ACPI; if necessary, use "pci=nocrs" and report a bug
6月 03 18:27:11 fedora kernel: ACPI: PM: Power Resource [P0NV]
6月 03 18:27:11 fedora kernel: ACPI: PM: Power Resource [P0U0]
6月 03 18:27:11 fedora kernel: ACPI: PM: Power Resource [P3U0]
6月 03 18:27:11 fedora kernel: ACPI: PM: Power Resource [P0U1]
6月 03 18:27:11 fedora kernel: ACPI: PM: Power Resource [P3U1]
6月 03 18:27:11 fedora kernel: ACPI: PM: Power Resource [P0NV]
6月 03 18:27:11 fedora kernel: ACPI: PM: Power Resource [PG00]
6月 03 18:27:11 fedora kernel: ACPI: PM: Power Resource [PRWL]
6月 03 18:27:11 fedora kernel: ACPI: PCI Root Bridge [PCI0] (domain 0000 [bus 00-ff])
6月 03 18:27:11 fedora kernel: acpi PNP0A08:00: _OSC: OS supports [ExtendedConfig ASPM ClockPM Segments MSI EDR HPX-Type3]
6月 03 18:27:11 fedora kernel: acpi PNP0A08:00: _OSC: platform does not support [SHPCHotplug LTR DPC]
6月 03 18:27:11 fedora kernel: acpi PNP0A08:00: _OSC: OS now controls [PCIeHotplug PME AER PCIeCapability]
6月 03 18:27:11 fedora kernel: acpi PNP0A08:00: [Firmware Info]: MMCONFIG for domain 0000 [bus 00-7f] only partially covers this bridge
6月 03 18:27:11 fedora kernel: PCI host bridge to bus 0000:00
6月 03 18:27:11 fedora kernel: pci_bus 0000:00: root bus resource [io  0x0000-0x03af window]
6月 03 18:27:11 fedora kernel: pci_bus 0000:00: root bus resource [io  0x03e0-0x0cf7 window]
6月 03 18:27:11 fedora kernel: pci_bus 0000:00: root bus resource [io  0x03b0-0x03df window]
6月 03 18:27:11 fedora kernel: pci_bus 0000:00: root bus resource [io  0x0d00-0xffff window]
6月 03 18:27:11 fedora kernel: pci_bus 0000:00: root bus resource [mem 0x000a0000-0x000dffff window]
6月 03 18:27:11 fedora kernel: pci_bus 0000:00: root bus resource [mem 0xf0000000-0xfcffffff window]
6月 03 18:27:11 fedora kernel: pci_bus 0000:00: root bus resource [mem 0x810000000-0xffffffffff window]
6月 03 18:27:11 fedora kernel: pci_bus 0000:00: root bus resource [bus 00-ff]
6月 03 18:27:11 fedora kernel: pci 0000:00:00.0: [1022:1630] type 00 class 0x060000
6月 03 18:27:11 fedora kernel: pci 0000:00:00.2: [1022:1631] type 00 class 0x080600
6月 03 18:27:11 fedora kernel: pci 0000:00:01.0: [1022:1632] type 00 class 0x060000
6月 03 18:27:11 fedora kernel: pci 0000:00:01.1: [1022:1633] type 01 class 0x060400
6月 03 18:27:11 fedora kernel: pci 0000:00:01.1: PME# supported from D0 D3hot D3cold
6月 03 18:27:11 fedora kernel: pci 0000:00:01.2: [1022:1634] type 01 class 0x060400
6月 03 18:27:11 fedora kernel: pci 0000:00:01.2: enabling Extended Tags
6月 03 18:27:11 fedora kernel: pci 0000:00:01.2: PME# supported from D0 D3hot D3cold
6月 03 18:27:11 fedora kernel: pci 0000:00:02.0: [1022:1632] type 00 class 0x060000
6月 03 18:27:11 fedora kernel: pci 0000:00:02.1: [1022:1634] type 01 class 0x060400
6月 03 18:27:11 fedora kernel: pci 0000:00:02.1: enabling Extended Tags
6月 03 18:27:11 fedora kernel: pci 0000:00:02.1: PME# supported from D0 D3hot D3cold
6月 03 18:27:11 fedora kernel: pci 0000:00:02.2: [1022:1634] type 01 class 0x060400
6月 03 18:27:11 fedora kernel: pci 0000:00:02.2: enabling Extended Tags
6月 03 18:27:11 fedora kernel: pci 0000:00:02.2: PME# supported from D0 D3hot D3cold
6月 03 18:27:11 fedora kernel: pci 0000:00:02.4: [1022:1634] type 01 class 0x060400
6月 03 18:27:11 fedora kernel: pci 0000:00:02.4: enabling Extended Tags
6月 03 18:27:11 fedora kernel: pci 0000:00:02.4: PME# supported from D0 D3hot D3cold
6月 03 18:27:11 fedora kernel: pci 0000:00:08.0: [1022:1632] type 00 class 0x060000
6月 03 18:27:11 fedora kernel: pci 0000:00:08.1: [1022:1635] type 01 class 0x060400
6月 03 18:27:11 fedora kernel: pci 0000:00:08.1: enabling Extended Tags
6月 03 18:27:11 fedora kernel: pci 0000:00:08.1: PME# supported from D0 D3hot D3cold
6月 03 18:27:11 fedora kernel: pci 0000:00:14.0: [1022:790b] type 00 class 0x0c0500
6月 03 18:27:11 fedora kernel: pci 0000:00:14.3: [1022:790e] type 00 class 0x060100
6月 03 18:27:11 fedora kernel: pci 0000:00:18.0: [1022:166a] type 00 class 0x060000
6月 03 18:27:11 fedora kernel: pci 0000:00:18.1: [1022:166b] type 00 class 0x060000
6月 03 18:27:11 fedora kernel: pci 0000:00:18.2: [1022:166c] type 00 class 0x060000
6月 03 18:27:11 fedora kernel: pci 0000:00:18.3: [1022:166d] type 00 class 0x060000
6月 03 18:27:11 fedora kernel: pci 0000:00:18.4: [1022:166e] type 00 class 0x060000
6月 03 18:27:11 fedora kernel: pci 0000:00:18.5: [1022:166f] type 00 class 0x060000
6月 03 18:27:11 fedora kernel: pci 0000:00:18.6: [1022:1670] type 00 class 0x060000
6月 03 18:27:11 fedora kernel: pci 0000:00:18.7: [1022:1671] type 00 class 0x060000
6月 03 18:27:11 fedora kernel: pci 0000:01:00.0: [10de:249d] type 00 class 0x030000
6月 03 18:27:11 fedora kernel: pci 0000:01:00.0: reg 0x10: [mem 0xfb000000-0xfbffffff]
6月 03 18:27:11 fedora kernel: pci 0000:01:00.0: reg 0x14: [mem 0xfc00000000-0xfdffffffff 64bit pref]
6月 03 18:27:11 fedora kernel: pci 0000:01:00.0: reg 0x1c: [mem 0xfe00000000-0xfe01ffffff 64bit pref]
6月 03 18:27:11 fedora kernel: pci 0000:01:00.0: reg 0x24: [io  0xf000-0xf07f]
6月 03 18:27:11 fedora kernel: pci 0000:01:00.0: reg 0x30: [mem 0xfc000000-0xfc07ffff pref]
6月 03 18:27:11 fedora kernel: pci 0000:01:00.0: PME# supported from D0 D3hot
6月 03 18:27:11 fedora kernel: pci 0000:01:00.0: 63.008 Gb/s available PCIe bandwidth, limited by 8.0 GT/s PCIe x8 link at 0000:00:01.1 (capable of 252.048 Gb/s with 16.0 GT/s PCIe x16 link)
6月 03 18:27:11 fedora kernel: pci 0000:01:00.1: [10de:228b] type 00 class 0x040300
6月 03 18:27:11 fedora kernel: pci 0000:01:00.1: reg 0x10: [mem 0xfc080000-0xfc083fff]
6月 03 18:27:11 fedora kernel: pci 0000:00:01.1: PCI bridge to [bus 01]
6月 03 18:27:11 fedora kernel: pci 0000:00:01.1:   bridge window [io  0xf000-0xffff]
6月 03 18:27:11 fedora kernel: pci 0000:00:01.1:   bridge window [mem 0xfb000000-0xfc0fffff]
6月 03 18:27:11 fedora kernel: pci 0000:00:01.1:   bridge window [mem 0xfc00000000-0xfe01ffffff 64bit pref]
6月 03 18:27:11 fedora kernel: pci 0000:02:00.0: [10ec:8125] type 00 class 0x020000
6月 03 18:27:11 fedora kernel: pci 0000:02:00.0: reg 0x10: [io  0xe000-0xe0ff]
6月 03 18:27:11 fedora kernel: pci 0000:02:00.0: reg 0x18: [mem 0xfc900000-0xfc90ffff 64bit]
6月 03 18:27:11 fedora kernel: pci 0000:02:00.0: reg 0x20: [mem 0xfc910000-0xfc913fff 64bit]
6月 03 18:27:11 fedora kernel: pci 0000:02:00.0: supports D1 D2
6月 03 18:27:11 fedora kernel: pci 0000:02:00.0: PME# supported from D0 D1 D2 D3hot D3cold
6月 03 18:27:11 fedora kernel: pci 0000:00:01.2: PCI bridge to [bus 02]
6月 03 18:27:11 fedora kernel: pci 0000:00:01.2:   bridge window [io  0xe000-0xefff]
6月 03 18:27:11 fedora kernel: pci 0000:00:01.2:   bridge window [mem 0xfc900000-0xfc9fffff]
6月 03 18:27:11 fedora kernel: pci 0000:03:00.0: [15b7:501d] type 00 class 0x010802
6月 03 18:27:11 fedora kernel: pci 0000:03:00.0: reg 0x10: [mem 0xfc800000-0xfc803fff 64bit]
6月 03 18:27:11 fedora kernel: pci 0000:03:00.0: reg 0x20: [mem 0xfc804000-0xfc8040ff 64bit]
6月 03 18:27:11 fedora kernel: pci 0000:00:02.1: PCI bridge to [bus 03]
6月 03 18:27:11 fedora kernel: pci 0000:00:02.1:   bridge window [mem 0xfc800000-0xfc8fffff]
6月 03 18:27:11 fedora kernel: pci 0000:04:00.0: [8086:2723] type 00 class 0x028000
6月 03 18:27:11 fedora kernel: pci 0000:04:00.0: reg 0x10: [mem 0xfc700000-0xfc703fff 64bit]
6月 03 18:27:11 fedora kernel: pci 0000:04:00.0: PME# supported from D0 D3hot D3cold
6月 03 18:27:11 fedora kernel: pci 0000:00:02.2: PCI bridge to [bus 04]
6月 03 18:27:11 fedora kernel: pci 0000:00:02.2:   bridge window [mem 0xfc700000-0xfc7fffff]
6月 03 18:27:11 fedora kernel: pci 0000:05:00.0: [144d:a809] type 00 class 0x010802
6月 03 18:27:11 fedora kernel: pci 0000:05:00.0: reg 0x10: [mem 0xfc600000-0xfc603fff 64bit]
6月 03 18:27:11 fedora kernel: pci 0000:00:02.4: PCI bridge to [bus 05]
6月 03 18:27:11 fedora kernel: pci 0000:00:02.4:   bridge window [mem 0xfc600000-0xfc6fffff]
6月 03 18:27:11 fedora kernel: pci 0000:06:00.0: [1002:1638] type 00 class 0x030000
6月 03 18:27:11 fedora kernel: pci 0000:06:00.0: reg 0x10: [mem 0xfe10000000-0xfe1fffffff 64bit pref]
6月 03 18:27:11 fedora kernel: pci 0000:06:00.0: reg 0x18: [mem 0xfe20000000-0xfe201fffff 64bit pref]
6月 03 18:27:11 fedora kernel: pci 0000:06:00.0: reg 0x20: [io  0xd000-0xd0ff]
6月 03 18:27:11 fedora kernel: pci 0000:06:00.0: reg 0x24: [mem 0xfc500000-0xfc57ffff]
6月 03 18:27:11 fedora kernel: pci 0000:06:00.0: enabling Extended Tags
6月 03 18:27:11 fedora kernel: pci 0000:06:00.0: BAR 0: assigned to efifb
6月 03 18:27:11 fedora kernel: pci 0000:06:00.0: PME# supported from D1 D2 D3hot D3cold
6月 03 18:27:11 fedora kernel: pci 0000:06:00.0: 126.016 Gb/s available PCIe bandwidth, limited by 8.0 GT/s PCIe x16 link at 0000:00:08.1 (capable of 252.048 Gb/s with 16.0 GT/s PCIe x16 link)
6月 03 18:27:11 fedora kernel: pci 0000:06:00.2: [1022:15df] type 00 class 0x108000
6月 03 18:27:11 fedora kernel: pci 0000:06:00.2: reg 0x18: [mem 0xfc400000-0xfc4fffff]
6月 03 18:27:11 fedora kernel: pci 0000:06:00.2: reg 0x24: [mem 0xfc5c8000-0xfc5c9fff]
6月 03 18:27:11 fedora kernel: pci 0000:06:00.2: enabling Extended Tags
6月 03 18:27:11 fedora kernel: pci 0000:06:00.3: [1022:1639] type 00 class 0x0c0330
6月 03 18:27:11 fedora kernel: pci 0000:06:00.3: reg 0x10: [mem 0xfc300000-0xfc3fffff 64bit]
6月 03 18:27:11 fedora kernel: pci 0000:06:00.3: enabling Extended Tags
6月 03 18:27:11 fedora kernel: pci 0000:06:00.3: PME# supported from D0 D3hot D3cold
6月 03 18:27:11 fedora kernel: pci 0000:06:00.4: [1022:1639] type 00 class 0x0c0330
6月 03 18:27:11 fedora kernel: pci 0000:06:00.4: reg 0x10: [mem 0xfc200000-0xfc2fffff 64bit]
6月 03 18:27:11 fedora kernel: pci 0000:06:00.4: enabling Extended Tags
6月 03 18:27:11 fedora kernel: pci 0000:06:00.4: PME# supported from D0 D3hot D3cold
6月 03 18:27:11 fedora kernel: pci 0000:06:00.5: [1022:15e2] type 00 class 0x048000
6月 03 18:27:11 fedora kernel: pci 0000:06:00.5: reg 0x10: [mem 0xfc580000-0xfc5bffff]
6月 03 18:27:11 fedora kernel: pci 0000:06:00.5: enabling Extended Tags
6月 03 18:27:11 fedora kernel: pci 0000:06:00.5: PME# supported from D0 D3hot D3cold
6月 03 18:27:11 fedora kernel: pci 0000:06:00.6: [1022:15e3] type 00 class 0x040300
6月 03 18:27:11 fedora kernel: pci 0000:06:00.6: reg 0x10: [mem 0xfc5c0000-0xfc5c7fff]
6月 03 18:27:11 fedora kernel: pci 0000:06:00.6: enabling Extended Tags
6月 03 18:27:11 fedora kernel: pci 0000:06:00.6: PME# supported from D0 D3hot D3cold
6月 03 18:27:11 fedora kernel: pci 0000:00:08.1: PCI bridge to [bus 06]
6月 03 18:27:11 fedora kernel: pci 0000:00:08.1:   bridge window [io  0xd000-0xdfff]
6月 03 18:27:11 fedora kernel: pci 0000:00:08.1:   bridge window [mem 0xfc200000-0xfc5fffff]
6月 03 18:27:11 fedora kernel: pci 0000:00:08.1:   bridge window [mem 0xfe10000000-0xfe201fffff 64bit pref]
6月 03 18:27:11 fedora kernel: ACPI: PCI: Interrupt link LNKA configured for IRQ 0
6月 03 18:27:11 fedora kernel: ACPI: PCI: Interrupt link LNKB configured for IRQ 0
6月 03 18:27:11 fedora kernel: ACPI: PCI: Interrupt link LNKC configured for IRQ 0
6月 03 18:27:11 fedora kernel: ACPI: PCI: Interrupt link LNKD configured for IRQ 0
6月 03 18:27:11 fedora kernel: ACPI: PCI: Interrupt link LNKE configured for IRQ 0
6月 03 18:27:11 fedora kernel: ACPI: PCI: Interrupt link LNKF configured for IRQ 0
6月 03 18:27:11 fedora kernel: ACPI: PCI: Interrupt link LNKG configured for IRQ 0
6月 03 18:27:11 fedora kernel: ACPI: PCI: Interrupt link LNKH configured for IRQ 0
6月 03 18:27:11 fedora kernel: ACPI: EC: interrupt unblocked
6月 03 18:27:11 fedora kernel: ACPI: EC: event unblocked
6月 03 18:27:11 fedora kernel: ACPI: EC: EC_CMD/EC_SC=0x66, EC_DATA=0x62
6月 03 18:27:11 fedora kernel: ACPI: EC: GPE=0x3
6月 03 18:27:11 fedora kernel: ACPI: \_SB_.PCI0.SBRG.EC0_: Boot DSDT EC initialization complete
6月 03 18:27:11 fedora kernel: ACPI: \_SB_.PCI0.SBRG.EC0_: EC: Used to handle transactions and events
6月 03 18:27:11 fedora kernel: iommu: Default domain type: Translated 
6月 03 18:27:11 fedora kernel: iommu: DMA domain TLB invalidation policy: lazy mode 
6月 03 18:27:11 fedora kernel: pci 0000:01:00.0: vgaarb: VGA device added: decodes=io+mem,owns=none,locks=none
6月 03 18:27:11 fedora kernel: pci 0000:06:00.0: vgaarb: VGA device added: decodes=io+mem,owns=none,locks=none
6月 03 18:27:11 fedora kernel: pci 0000:01:00.0: vgaarb: bridge control possible
6月 03 18:27:11 fedora kernel: pci 0000:06:00.0: vgaarb: bridge control possible
6月 03 18:27:11 fedora kernel: pci 0000:06:00.0: vgaarb: setting as boot device
6月 03 18:27:11 fedora kernel: vgaarb: loaded
6月 03 18:27:11 fedora kernel: SCSI subsystem initialized
6月 03 18:27:11 fedora kernel: libata version 3.00 loaded.
6月 03 18:27:11 fedora kernel: ACPI: bus type USB registered
6月 03 18:27:11 fedora kernel: usbcore: registered new interface driver usbfs
6月 03 18:27:11 fedora kernel: usbcore: registered new interface driver hub
6月 03 18:27:11 fedora kernel: usbcore: registered new device driver usb
6月 03 18:27:11 fedora kernel: pps_core: LinuxPPS API ver. 1 registered
6月 03 18:27:11 fedora kernel: pps_core: Software ver. 5.3.6 - Copyright 2005-2007 Rodolfo Giometti <giometti@linux.it>
6月 03 18:27:11 fedora kernel: PTP clock support registered
6月 03 18:27:11 fedora kernel: EDAC MC: Ver: 3.0.0
6月 03 18:27:11 fedora kernel: Registered efivars operations
6月 03 18:27:11 fedora kernel: NetLabel: Initializing
6月 03 18:27:11 fedora kernel: NetLabel:  domain hash size = 128
6月 03 18:27:11 fedora kernel: NetLabel:  protocols = UNLABELED CIPSOv4 CALIPSO
6月 03 18:27:11 fedora kernel: NetLabel:  unlabeled traffic allowed by default
6月 03 18:27:11 fedora kernel: mctp: management component transport protocol core
6月 03 18:27:11 fedora kernel: NET: Registered PF_MCTP protocol family
6月 03 18:27:11 fedora kernel: PCI: Using ACPI for IRQ routing
6月 03 18:27:11 fedora kernel: PCI: pci_cache_line_size set to 64 bytes
6月 03 18:27:11 fedora kernel: Expanded resource Reserved due to conflict with PCI Bus 0000:00
6月 03 18:27:11 fedora kernel: e820: reserve RAM buffer [mem 0x09bff000-0x0bffffff]
6月 03 18:27:11 fedora kernel: e820: reserve RAM buffer [mem 0x0a200000-0x0bffffff]
6月 03 18:27:11 fedora kernel: e820: reserve RAM buffer [mem 0xe7652018-0xe7ffffff]
6月 03 18:27:11 fedora kernel: e820: reserve RAM buffer [mem 0xe7660018-0xe7ffffff]
6月 03 18:27:11 fedora kernel: e820: reserve RAM buffer [mem 0xe76b6000-0xe7ffffff]
6月 03 18:27:11 fedora kernel: e820: reserve RAM buffer [mem 0xe80a8000-0xebffffff]
6月 03 18:27:11 fedora kernel: e820: reserve RAM buffer [mem 0xea014000-0xebffffff]
6月 03 18:27:11 fedora kernel: e820: reserve RAM buffer [mem 0xeb15b000-0xebffffff]
6月 03 18:27:11 fedora kernel: e820: reserve RAM buffer [mem 0xee000000-0xefffffff]
6月 03 18:27:11 fedora kernel: e820: reserve RAM buffer [mem 0x7ee300000-0x7efffffff]
6月 03 18:27:11 fedora kernel: hpet0: at MMIO 0xfed00000, IRQs 2, 8, 0
6月 03 18:27:11 fedora kernel: hpet0: 3 comparators, 32-bit 14.318180 MHz counter
6月 03 18:27:11 fedora kernel: clocksource: Switched to clocksource tsc-early
6月 03 18:27:11 fedora kernel: VFS: Disk quotas dquot_6.6.0
6月 03 18:27:11 fedora kernel: VFS: Dquot-cache hash table entries: 512 (order 0, 4096 bytes)
6月 03 18:27:11 fedora kernel: pnp: PnP ACPI init
6月 03 18:27:11 fedora kernel: system 00:00: [mem 0xf0000000-0xf7ffffff] has been reserved
6月 03 18:27:11 fedora kernel: system 00:03: [io  0x04d0-0x04d1] has been reserved
6月 03 18:27:11 fedora kernel: system 00:03: [io  0x040b] has been reserved
6月 03 18:27:11 fedora kernel: system 00:03: [io  0x04d6] has been reserved
6月 03 18:27:11 fedora kernel: system 00:03: [io  0x0c00-0x0c01] has been reserved
6月 03 18:27:11 fedora kernel: system 00:03: [io  0x0c14] has been reserved
6月 03 18:27:11 fedora kernel: system 00:03: [io  0x0c50-0x0c51] has been reserved
6月 03 18:27:11 fedora kernel: system 00:03: [io  0x0c52] has been reserved
6月 03 18:27:11 fedora kernel: system 00:03: [io  0x0c6c] has been reserved
6月 03 18:27:11 fedora kernel: system 00:03: [io  0x0c6f] has been reserved
6月 03 18:27:11 fedora kernel: system 00:03: [io  0x0cd8-0x0cdf] has been reserved
6月 03 18:27:11 fedora kernel: system 00:03: [io  0x0800-0x089f] has been reserved
6月 03 18:27:11 fedora kernel: system 00:03: [io  0x0b00-0x0b0f] has been reserved
6月 03 18:27:11 fedora kernel: system 00:03: [io  0x0b20-0x0b3f] has been reserved
6月 03 18:27:11 fedora kernel: system 00:03: [io  0x0900-0x090f] has been reserved
6月 03 18:27:11 fedora kernel: system 00:03: [io  0x0910-0x091f] has been reserved
6月 03 18:27:11 fedora kernel: system 00:03: [mem 0xfec00000-0xfec00fff] could not be reserved
6月 03 18:27:11 fedora kernel: system 00:03: [mem 0xfec01000-0xfec01fff] could not be reserved
6月 03 18:27:11 fedora kernel: system 00:03: [mem 0xfedc0000-0xfedc0fff] has been reserved
6月 03 18:27:11 fedora kernel: system 00:03: [mem 0xfee00000-0xfee00fff] has been reserved
6月 03 18:27:11 fedora kernel: system 00:03: [mem 0xfed80000-0xfed8ffff] could not be reserved
6月 03 18:27:11 fedora kernel: system 00:03: [mem 0xfec10000-0xfec10fff] has been reserved
6月 03 18:27:11 fedora kernel: system 00:03: [mem 0xff000000-0xffffffff] has been reserved
6月 03 18:27:11 fedora kernel: pnp: PnP ACPI: found 4 devices
6月 03 18:27:11 fedora kernel: clocksource: acpi_pm: mask: 0xffffff max_cycles: 0xffffff, max_idle_ns: 2085701024 ns
6月 03 18:27:11 fedora kernel: NET: Registered PF_INET protocol family
6月 03 18:27:11 fedora kernel: IP idents hash table entries: 262144 (order: 9, 2097152 bytes, linear)
6月 03 18:27:11 fedora kernel: tcp_listen_portaddr_hash hash table entries: 16384 (order: 6, 262144 bytes, linear)
6月 03 18:27:11 fedora kernel: TCP established hash table entries: 262144 (order: 9, 2097152 bytes, linear)
6月 03 18:27:11 fedora kernel: TCP bind hash table entries: 65536 (order: 8, 1048576 bytes, linear)
6月 03 18:27:11 fedora kernel: TCP: Hash tables configured (established 262144 bind 65536)
6月 03 18:27:11 fedora kernel: MPTCP token hash table entries: 32768 (order: 7, 786432 bytes, linear)
6月 03 18:27:11 fedora kernel: UDP hash table entries: 16384 (order: 7, 524288 bytes, linear)
6月 03 18:27:11 fedora kernel: UDP-Lite hash table entries: 16384 (order: 7, 524288 bytes, linear)
6月 03 18:27:11 fedora kernel: NET: Registered PF_UNIX/PF_LOCAL protocol family
6月 03 18:27:11 fedora kernel: NET: Registered PF_XDP protocol family
6月 03 18:27:11 fedora kernel: pci 0000:00:02.1: bridge window [io  0x1000-0x0fff] to [bus 03] add_size 1000
6月 03 18:27:11 fedora kernel: pci 0000:00:02.1: bridge window [mem 0x00100000-0x000fffff 64bit pref] to [bus 03] add_size 200000 add_align 100000
6月 03 18:27:11 fedora kernel: pci 0000:00:02.4: bridge window [io  0x1000-0x0fff] to [bus 05] add_size 1000
6月 03 18:27:11 fedora kernel: pci 0000:00:02.4: bridge window [mem 0x00100000-0x000fffff 64bit pref] to [bus 05] add_size 200000 add_align 100000
6月 03 18:27:11 fedora kernel: pci 0000:00:02.1: BAR 15: assigned [mem 0x810000000-0x8101fffff 64bit pref]
6月 03 18:27:11 fedora kernel: pci 0000:00:02.4: BAR 15: assigned [mem 0x810200000-0x8103fffff 64bit pref]
6月 03 18:27:11 fedora kernel: pci 0000:00:02.1: BAR 13: assigned [io  0x1000-0x1fff]
6月 03 18:27:11 fedora kernel: pci 0000:00:02.4: BAR 13: assigned [io  0x2000-0x2fff]
6月 03 18:27:11 fedora kernel: pci 0000:00:01.1: PCI bridge to [bus 01]
6月 03 18:27:11 fedora kernel: pci 0000:00:01.1:   bridge window [io  0xf000-0xffff]
6月 03 18:27:11 fedora kernel: pci 0000:00:01.1:   bridge window [mem 0xfb000000-0xfc0fffff]
6月 03 18:27:11 fedora kernel: pci 0000:00:01.1:   bridge window [mem 0xfc00000000-0xfe01ffffff 64bit pref]
6月 03 18:27:11 fedora kernel: pci 0000:00:01.2: PCI bridge to [bus 02]
6月 03 18:27:11 fedora kernel: pci 0000:00:01.2:   bridge window [io  0xe000-0xefff]
6月 03 18:27:11 fedora kernel: pci 0000:00:01.2:   bridge window [mem 0xfc900000-0xfc9fffff]
6月 03 18:27:11 fedora kernel: pci 0000:00:02.1: PCI bridge to [bus 03]
6月 03 18:27:11 fedora kernel: pci 0000:00:02.1:   bridge window [io  0x1000-0x1fff]
6月 03 18:27:11 fedora kernel: pci 0000:00:02.1:   bridge window [mem 0xfc800000-0xfc8fffff]
6月 03 18:27:11 fedora kernel: pci 0000:00:02.1:   bridge window [mem 0x810000000-0x8101fffff 64bit pref]
6月 03 18:27:11 fedora kernel: pci 0000:00:02.2: PCI bridge to [bus 04]
6月 03 18:27:11 fedora kernel: pci 0000:00:02.2:   bridge window [mem 0xfc700000-0xfc7fffff]
6月 03 18:27:11 fedora kernel: pci 0000:00:02.4: PCI bridge to [bus 05]
6月 03 18:27:11 fedora kernel: pci 0000:00:02.4:   bridge window [io  0x2000-0x2fff]
6月 03 18:27:11 fedora kernel: pci 0000:00:02.4:   bridge window [mem 0xfc600000-0xfc6fffff]
6月 03 18:27:11 fedora kernel: pci 0000:00:02.4:   bridge window [mem 0x810200000-0x8103fffff 64bit pref]
6月 03 18:27:11 fedora kernel: pci 0000:00:08.1: PCI bridge to [bus 06]
6月 03 18:27:11 fedora kernel: pci 0000:00:08.1:   bridge window [io  0xd000-0xdfff]
6月 03 18:27:11 fedora kernel: pci 0000:00:08.1:   bridge window [mem 0xfc200000-0xfc5fffff]
6月 03 18:27:11 fedora kernel: pci 0000:00:08.1:   bridge window [mem 0xfe10000000-0xfe201fffff 64bit pref]
6月 03 18:27:11 fedora kernel: pci_bus 0000:00: resource 4 [io  0x0000-0x03af window]
6月 03 18:27:11 fedora kernel: pci_bus 0000:00: resource 5 [io  0x03e0-0x0cf7 window]
6月 03 18:27:11 fedora kernel: pci_bus 0000:00: resource 6 [io  0x03b0-0x03df window]
6月 03 18:27:11 fedora kernel: pci_bus 0000:00: resource 7 [io  0x0d00-0xffff window]
6月 03 18:27:11 fedora kernel: pci_bus 0000:00: resource 8 [mem 0x000a0000-0x000dffff window]
6月 03 18:27:11 fedora kernel: pci_bus 0000:00: resource 9 [mem 0xf0000000-0xfcffffff window]
6月 03 18:27:11 fedora kernel: pci_bus 0000:00: resource 10 [mem 0x810000000-0xffffffffff window]
6月 03 18:27:11 fedora kernel: pci_bus 0000:01: resource 0 [io  0xf000-0xffff]
6月 03 18:27:11 fedora kernel: pci_bus 0000:01: resource 1 [mem 0xfb000000-0xfc0fffff]
6月 03 18:27:11 fedora kernel: pci_bus 0000:01: resource 2 [mem 0xfc00000000-0xfe01ffffff 64bit pref]
6月 03 18:27:11 fedora kernel: pci_bus 0000:02: resource 0 [io  0xe000-0xefff]
6月 03 18:27:11 fedora kernel: pci_bus 0000:02: resource 1 [mem 0xfc900000-0xfc9fffff]
6月 03 18:27:11 fedora kernel: pci_bus 0000:03: resource 0 [io  0x1000-0x1fff]
6月 03 18:27:11 fedora kernel: pci_bus 0000:03: resource 1 [mem 0xfc800000-0xfc8fffff]
6月 03 18:27:11 fedora kernel: pci_bus 0000:03: resource 2 [mem 0x810000000-0x8101fffff 64bit pref]
6月 03 18:27:11 fedora kernel: pci_bus 0000:04: resource 1 [mem 0xfc700000-0xfc7fffff]
6月 03 18:27:11 fedora kernel: pci_bus 0000:05: resource 0 [io  0x2000-0x2fff]
6月 03 18:27:11 fedora kernel: pci_bus 0000:05: resource 1 [mem 0xfc600000-0xfc6fffff]
6月 03 18:27:11 fedora kernel: pci_bus 0000:05: resource 2 [mem 0x810200000-0x8103fffff 64bit pref]
6月 03 18:27:11 fedora kernel: pci_bus 0000:06: resource 0 [io  0xd000-0xdfff]
6月 03 18:27:11 fedora kernel: pci_bus 0000:06: resource 1 [mem 0xfc200000-0xfc5fffff]
6月 03 18:27:11 fedora kernel: pci_bus 0000:06: resource 2 [mem 0xfe10000000-0xfe201fffff 64bit pref]
6月 03 18:27:11 fedora kernel: pci 0000:01:00.1: D0 power state depends on 0000:01:00.0
6月 03 18:27:11 fedora kernel: pci 0000:06:00.3: extending delay after power-on from D3hot to 20 msec
6月 03 18:27:11 fedora kernel: pci 0000:06:00.4: extending delay after power-on from D3hot to 20 msec
6月 03 18:27:11 fedora kernel: PCI: CLS 64 bytes, default 64
6月 03 18:27:11 fedora kernel: pci 0000:00:00.2: AMD-Vi: IOMMU performance counters supported
6月 03 18:27:11 fedora kernel: pci 0000:00:00.2: can't derive routing for PCI INT A
6月 03 18:27:11 fedora kernel: pci 0000:00:00.2: PCI INT A: not connected
6月 03 18:27:11 fedora kernel: Trying to unpack rootfs image as initramfs...
6月 03 18:27:11 fedora kernel: pci 0000:00:01.0: Adding to iommu group 0
6月 03 18:27:11 fedora kernel: pci 0000:00:01.1: Adding to iommu group 1
6月 03 18:27:11 fedora kernel: pci 0000:00:01.2: Adding to iommu group 2
6月 03 18:27:11 fedora kernel: pci 0000:00:02.0: Adding to iommu group 3
6月 03 18:27:11 fedora kernel: pci 0000:00:02.1: Adding to iommu group 4
6月 03 18:27:11 fedora kernel: pci 0000:00:02.2: Adding to iommu group 5
6月 03 18:27:11 fedora kernel: pci 0000:00:02.4: Adding to iommu group 6
6月 03 18:27:11 fedora kernel: pci 0000:00:08.0: Adding to iommu group 7
6月 03 18:27:11 fedora kernel: pci 0000:00:08.1: Adding to iommu group 7
6月 03 18:27:11 fedora kernel: pci 0000:00:14.0: Adding to iommu group 8
6月 03 18:27:11 fedora kernel: pci 0000:00:14.3: Adding to iommu group 8
6月 03 18:27:11 fedora kernel: pci 0000:00:18.0: Adding to iommu group 9
6月 03 18:27:11 fedora kernel: pci 0000:00:18.1: Adding to iommu group 9
6月 03 18:27:11 fedora kernel: pci 0000:00:18.2: Adding to iommu group 9
6月 03 18:27:11 fedora kernel: pci 0000:00:18.3: Adding to iommu group 9
6月 03 18:27:11 fedora kernel: pci 0000:00:18.4: Adding to iommu group 9
6月 03 18:27:11 fedora kernel: pci 0000:00:18.5: Adding to iommu group 9
6月 03 18:27:11 fedora kernel: pci 0000:00:18.6: Adding to iommu group 9
6月 03 18:27:11 fedora kernel: pci 0000:00:18.7: Adding to iommu group 9
6月 03 18:27:11 fedora kernel: pci 0000:01:00.0: Adding to iommu group 10
6月 03 18:27:11 fedora kernel: pci 0000:01:00.1: Adding to iommu group 10
6月 03 18:27:11 fedora kernel: pci 0000:02:00.0: Adding to iommu group 11
6月 03 18:27:11 fedora kernel: pci 0000:03:00.0: Adding to iommu group 12
6月 03 18:27:11 fedora kernel: pci 0000:04:00.0: Adding to iommu group 13
6月 03 18:27:11 fedora kernel: pci 0000:05:00.0: Adding to iommu group 14
6月 03 18:27:11 fedora kernel: pci 0000:06:00.0: Adding to iommu group 7
6月 03 18:27:11 fedora kernel: pci 0000:06:00.2: Adding to iommu group 7
6月 03 18:27:11 fedora kernel: pci 0000:06:00.3: Adding to iommu group 7
6月 03 18:27:11 fedora kernel: pci 0000:06:00.4: Adding to iommu group 7
6月 03 18:27:11 fedora kernel: pci 0000:06:00.5: Adding to iommu group 7
6月 03 18:27:11 fedora kernel: pci 0000:06:00.6: Adding to iommu group 7
6月 03 18:27:11 fedora kernel: pci 0000:00:00.2: AMD-Vi: Found IOMMU cap 0x40
6月 03 18:27:11 fedora kernel: AMD-Vi: Extended features (0x206d73ef22254ade): PPR X2APIC NX GT IA GA PC GA_vAPIC
6月 03 18:27:11 fedora kernel: AMD-Vi: Interrupt remapping enabled
6月 03 18:27:11 fedora kernel: AMD-Vi: Virtual APIC enabled
6月 03 18:27:11 fedora kernel: AMD-Vi: X2APIC enabled
6月 03 18:27:11 fedora kernel: Freeing initrd memory: 71300K
6月 03 18:27:11 fedora kernel: software IO TLB: tearing down default memory pool
6月 03 18:27:11 fedora kernel: LVT offset 0 assigned for vector 0x400
6月 03 18:27:11 fedora kernel: perf: AMD IBS detected (0x000003ff)
6月 03 18:27:11 fedora kernel: amd_uncore: 4  amd_df counters detected
6月 03 18:27:11 fedora kernel: amd_uncore: 6  amd_l3 counters detected
6月 03 18:27:11 fedora kernel: perf/amd_iommu: Detected AMD IOMMU #0 (2 banks, 4 counters/bank).
6月 03 18:27:11 fedora kernel: Initialise system trusted keyrings
6月 03 18:27:11 fedora kernel: Key type blacklist registered
6月 03 18:27:11 fedora kernel: workingset: timestamp_bits=36 max_order=23 bucket_order=0
6月 03 18:27:11 fedora kernel: zbud: loaded
6月 03 18:27:11 fedora kernel: integrity: Platform Keyring initialized
6月 03 18:27:11 fedora kernel: NET: Registered PF_ALG protocol family
6月 03 18:27:11 fedora kernel: xor: automatically using best checksumming function   avx       
6月 03 18:27:11 fedora kernel: Key type asymmetric registered
6月 03 18:27:11 fedora kernel: Asymmetric key parser 'x509' registered
6月 03 18:27:11 fedora kernel: alg: self-tests for CTR-KDF (hmac(sha256)) passed
6月 03 18:27:11 fedora kernel: Block layer SCSI generic (bsg) driver version 0.4 loaded (major 244)
6月 03 18:27:11 fedora kernel: io scheduler mq-deadline registered
6月 03 18:27:11 fedora kernel: io scheduler kyber registered
6月 03 18:27:11 fedora kernel: io scheduler bfq registered
6月 03 18:27:11 fedora kernel: atomic64_test: passed for x86-64 platform with CX8 and with SSE
6月 03 18:27:11 fedora kernel: pcieport 0000:00:01.1: PME: Signaling with IRQ 29
6月 03 18:27:11 fedora kernel: pcieport 0000:00:01.1: pciehp: Slot #0 AttnBtn- PwrCtrl- MRL- AttnInd- PwrInd- HotPlug+ Surprise+ Interlock- NoCompl+ IbPresDis- LLActRep+
6月 03 18:27:11 fedora kernel: pcieport 0000:00:01.2: PME: Signaling with IRQ 30
6月 03 18:27:11 fedora kernel: pcieport 0000:00:02.1: PME: Signaling with IRQ 31
6月 03 18:27:11 fedora kernel: pcieport 0000:00:02.1: pciehp: Slot #0 AttnBtn- PwrCtrl- MRL- AttnInd- PwrInd- HotPlug+ Surprise+ Interlock- NoCompl+ IbPresDis- LLActRep+
6月 03 18:27:11 fedora kernel: pcieport 0000:00:02.2: PME: Signaling with IRQ 32
6月 03 18:27:11 fedora kernel: pcieport 0000:00:02.4: PME: Signaling with IRQ 33
6月 03 18:27:11 fedora kernel: pcieport 0000:00:02.4: pciehp: Slot #0 AttnBtn- PwrCtrl- MRL- AttnInd- PwrInd- HotPlug+ Surprise+ Interlock- NoCompl+ IbPresDis- LLActRep+
6月 03 18:27:11 fedora kernel: pcieport 0000:00:08.1: PME: Signaling with IRQ 34
6月 03 18:27:11 fedora kernel: shpchp: Standard Hot Plug PCI Controller Driver version: 0.4
6月 03 18:27:11 fedora kernel: ACPI: AC: AC Adapter [AC0] (on-line)
6月 03 18:27:11 fedora kernel: input: Power Button as /devices/LNXSYSTM:00/LNXSYBUS:00/PNP0C0C:00/input/input0
6月 03 18:27:11 fedora kernel: ACPI: button: Power Button [PWRB]
6月 03 18:27:11 fedora kernel: input: Sleep Button as /devices/LNXSYSTM:00/LNXSYBUS:00/PNP0C0E:00/input/input1
6月 03 18:27:11 fedora kernel: ACPI: button: Sleep Button [SLPB]
6月 03 18:27:11 fedora kernel: input: Lid Switch as /devices/LNXSYSTM:00/LNXSYBUS:00/PNP0C0D:00/input/input2
6月 03 18:27:11 fedora kernel: ACPI: button: Lid Switch [LID1]
6月 03 18:27:11 fedora kernel: smpboot: Estimated ratio of average max frequency by base frequency (times 1024): 1238
6月 03 18:27:11 fedora kernel: Monitor-Mwait will be used to enter C-1 state
6月 03 18:27:11 fedora kernel: ACPI: \_SB_.PLTF.P000: Found 3 idle states
6月 03 18:27:11 fedora kernel: ACPI: \_SB_.PLTF.P001: Found 3 idle states
6月 03 18:27:11 fedora kernel: ACPI: \_SB_.PLTF.P002: Found 3 idle states
6月 03 18:27:11 fedora kernel: ACPI: \_SB_.PLTF.P003: Found 3 idle states
6月 03 18:27:11 fedora kernel: ACPI: \_SB_.PLTF.P004: Found 3 idle states
6月 03 18:27:11 fedora kernel: ACPI: \_SB_.PLTF.P005: Found 3 idle states
6月 03 18:27:11 fedora kernel: ACPI: \_SB_.PLTF.P006: Found 3 idle states
6月 03 18:27:11 fedora kernel: ACPI: \_SB_.PLTF.P007: Found 3 idle states
6月 03 18:27:11 fedora kernel: ACPI: \_SB_.PLTF.P008: Found 3 idle states
6月 03 18:27:11 fedora kernel: ACPI: \_SB_.PLTF.P009: Found 3 idle states
6月 03 18:27:11 fedora kernel: ACPI: \_SB_.PLTF.P00A: Found 3 idle states
6月 03 18:27:11 fedora kernel: ACPI: \_SB_.PLTF.P00B: Found 3 idle states
6月 03 18:27:11 fedora kernel: ACPI: \_SB_.PLTF.P00C: Found 3 idle states
6月 03 18:27:11 fedora kernel: ACPI: \_SB_.PLTF.P00D: Found 3 idle states
6月 03 18:27:11 fedora kernel: ACPI: \_SB_.PLTF.P00E: Found 3 idle states
6月 03 18:27:11 fedora kernel: ACPI: \_SB_.PLTF.P00F: Found 3 idle states
6月 03 18:27:11 fedora kernel: thermal LNXTHERM:00: registered as thermal_zone0
6月 03 18:27:11 fedora kernel: ACPI: thermal: Thermal Zone [ECTZ] (73 C)
6月 03 18:27:11 fedora kernel: Serial: 8250/16550 driver, 32 ports, IRQ sharing enabled
6月 03 18:27:11 fedora kernel: Non-volatile memory driver v1.3
6月 03 18:27:11 fedora kernel: Linux agpgart interface v0.103
6月 03 18:27:11 fedora kernel: ACPI: battery: Slot [BAT0] (battery present)
6月 03 18:27:11 fedora kernel: ACPI: bus type drm_connector registered
6月 03 18:27:11 fedora kernel: ehci_hcd: USB 2.0 'Enhanced' Host Controller (EHCI) Driver
6月 03 18:27:11 fedora kernel: ehci-pci: EHCI PCI platform driver
6月 03 18:27:11 fedora kernel: ohci_hcd: USB 1.1 'Open' Host Controller (OHCI) Driver
6月 03 18:27:11 fedora kernel: ohci-pci: OHCI PCI platform driver
6月 03 18:27:11 fedora kernel: uhci_hcd: USB Universal Host Controller Interface driver
6月 03 18:27:11 fedora kernel: xhci_hcd 0000:06:00.3: xHCI Host Controller
6月 03 18:27:11 fedora kernel: xhci_hcd 0000:06:00.3: new USB bus registered, assigned bus number 1
6月 03 18:27:11 fedora kernel: xhci_hcd 0000:06:00.3: hcc params 0x0268ffe5 hci version 0x110 quirks 0x0000020000000410
6月 03 18:27:11 fedora kernel: usb usb1: New USB device found, idVendor=1d6b, idProduct=0002, bcdDevice= 5.17
6月 03 18:27:11 fedora kernel: usb usb1: New USB device strings: Mfr=3, Product=2, SerialNumber=1
6月 03 18:27:11 fedora kernel: usb usb1: Product: xHCI Host Controller
6月 03 18:27:11 fedora kernel: usb usb1: Manufacturer: Linux 5.17.11-300.fc36.x86_64 xhci-hcd
6月 03 18:27:11 fedora kernel: usb usb1: SerialNumber: 0000:06:00.3
6月 03 18:27:11 fedora kernel: hub 1-0:1.0: USB hub found
6月 03 18:27:11 fedora kernel: hub 1-0:1.0: 4 ports detected
6月 03 18:27:11 fedora kernel: xhci_hcd 0000:06:00.3: xHCI Host Controller
6月 03 18:27:11 fedora kernel: xhci_hcd 0000:06:00.3: new USB bus registered, assigned bus number 2
6月 03 18:27:11 fedora kernel: xhci_hcd 0000:06:00.3: Host supports USB 3.1 Enhanced SuperSpeed
6月 03 18:27:11 fedora kernel: usb usb2: We don't know the algorithms for LPM for this host, disabling LPM.
6月 03 18:27:11 fedora kernel: usb usb2: New USB device found, idVendor=1d6b, idProduct=0003, bcdDevice= 5.17
6月 03 18:27:11 fedora kernel: usb usb2: New USB device strings: Mfr=3, Product=2, SerialNumber=1
6月 03 18:27:11 fedora kernel: usb usb2: Product: xHCI Host Controller
6月 03 18:27:11 fedora kernel: usb usb2: Manufacturer: Linux 5.17.11-300.fc36.x86_64 xhci-hcd
6月 03 18:27:11 fedora kernel: usb usb2: SerialNumber: 0000:06:00.3
6月 03 18:27:11 fedora kernel: hub 2-0:1.0: USB hub found
6月 03 18:27:11 fedora kernel: hub 2-0:1.0: 2 ports detected
6月 03 18:27:11 fedora kernel: xhci_hcd 0000:06:00.4: xHCI Host Controller
6月 03 18:27:11 fedora kernel: xhci_hcd 0000:06:00.4: new USB bus registered, assigned bus number 3
6月 03 18:27:11 fedora kernel: xhci_hcd 0000:06:00.4: hcc params 0x0268ffe5 hci version 0x110 quirks 0x0000020000000410
6月 03 18:27:11 fedora kernel: usb usb3: New USB device found, idVendor=1d6b, idProduct=0002, bcdDevice= 5.17
6月 03 18:27:11 fedora kernel: usb usb3: New USB device strings: Mfr=3, Product=2, SerialNumber=1
6月 03 18:27:11 fedora kernel: usb usb3: Product: xHCI Host Controller
6月 03 18:27:11 fedora kernel: usb usb3: Manufacturer: Linux 5.17.11-300.fc36.x86_64 xhci-hcd
6月 03 18:27:11 fedora kernel: usb usb3: SerialNumber: 0000:06:00.4
6月 03 18:27:11 fedora kernel: hub 3-0:1.0: USB hub found
6月 03 18:27:11 fedora kernel: hub 3-0:1.0: 4 ports detected
6月 03 18:27:11 fedora kernel: xhci_hcd 0000:06:00.4: xHCI Host Controller
6月 03 18:27:11 fedora kernel: xhci_hcd 0000:06:00.4: new USB bus registered, assigned bus number 4
6月 03 18:27:11 fedora kernel: xhci_hcd 0000:06:00.4: Host supports USB 3.1 Enhanced SuperSpeed
6月 03 18:27:11 fedora kernel: usb usb4: We don't know the algorithms for LPM for this host, disabling LPM.
6月 03 18:27:11 fedora kernel: usb usb4: New USB device found, idVendor=1d6b, idProduct=0003, bcdDevice= 5.17
6月 03 18:27:11 fedora kernel: usb usb4: New USB device strings: Mfr=3, Product=2, SerialNumber=1
6月 03 18:27:11 fedora kernel: usb usb4: Product: xHCI Host Controller
6月 03 18:27:11 fedora kernel: usb usb4: Manufacturer: Linux 5.17.11-300.fc36.x86_64 xhci-hcd
6月 03 18:27:11 fedora kernel: usb usb4: SerialNumber: 0000:06:00.4
6月 03 18:27:11 fedora kernel: hub 4-0:1.0: USB hub found
6月 03 18:27:11 fedora kernel: hub 4-0:1.0: 2 ports detected
6月 03 18:27:11 fedora kernel: usbcore: registered new interface driver usbserial_generic
6月 03 18:27:11 fedora kernel: usbserial: USB Serial support registered for generic
6月 03 18:27:11 fedora kernel: i8042: PNP: PS/2 Controller [PNP0303:PS2K] at 0x60,0x64 irq 1
6月 03 18:27:11 fedora kernel: i8042: PNP: PS/2 appears to have AUX port disabled, if this is incorrect please boot with i8042.nopnp
6月 03 18:27:11 fedora kernel: serio: i8042 KBD port at 0x60,0x64 irq 1
6月 03 18:27:11 fedora kernel: mousedev: PS/2 mouse device common for all mice
6月 03 18:27:11 fedora kernel: rtc_cmos 00:01: RTC can wake from S4
6月 03 18:27:11 fedora kernel: rtc_cmos 00:01: registered as rtc0
6月 03 18:27:11 fedora kernel: rtc_cmos 00:01: setting system clock to 2022-06-03T10:27:11 UTC (1654252031)
6月 03 18:27:11 fedora kernel: rtc_cmos 00:01: alarms up to one month, y3k, 114 bytes nvram, hpet irqs
6月 03 18:27:11 fedora kernel: device-mapper: core: CONFIG_IMA_DISABLE_HTABLE is disabled. Duplicate IMA measurements will not be recorded in the IMA log.
6月 03 18:27:11 fedora kernel: device-mapper: uevent: version 1.0.3
6月 03 18:27:11 fedora kernel: device-mapper: ioctl: 4.45.0-ioctl (2021-03-22) initialised: dm-devel@redhat.com
6月 03 18:27:11 fedora kernel: efifb: probing for efifb
6月 03 18:27:11 fedora kernel: efifb: showing boot graphics
6月 03 18:27:11 fedora kernel: efifb: framebuffer at 0xfe10000000, using 14400k, total 14400k
6月 03 18:27:11 fedora kernel: efifb: mode is 2560x1440x32, linelength=10240, pages=1
6月 03 18:27:11 fedora kernel: efifb: scrolling: redraw
6月 03 18:27:11 fedora kernel: efifb: Truecolor: size=8:8:8:8, shift=24:16:8:0
6月 03 18:27:11 fedora kernel: fbcon: Deferring console take-over
6月 03 18:27:11 fedora kernel: fb0: EFI VGA frame buffer device
6月 03 18:27:11 fedora kernel: hid: raw HID events driver (C) Jiri Kosina
6月 03 18:27:11 fedora kernel: usbcore: registered new interface driver usbhid
6月 03 18:27:11 fedora kernel: usbhid: USB HID core driver
6月 03 18:27:11 fedora kernel: drop_monitor: Initializing network drop monitor service
6月 03 18:27:11 fedora kernel: Initializing XFRM netlink socket
6月 03 18:27:11 fedora kernel: NET: Registered PF_INET6 protocol family
6月 03 18:27:11 fedora kernel: Segment Routing with IPv6
6月 03 18:27:11 fedora kernel: RPL Segment Routing with IPv6
6月 03 18:27:11 fedora kernel: In-situ OAM (IOAM) with IPv6
6月 03 18:27:11 fedora kernel: mip6: Mobile IPv6
6月 03 18:27:11 fedora kernel: NET: Registered PF_PACKET protocol family
6月 03 18:27:11 fedora kernel: microcode: CPU0: patch_level=0x0a50000c
6月 03 18:27:11 fedora kernel: microcode: CPU1: patch_level=0x0a50000c
6月 03 18:27:11 fedora kernel: microcode: CPU2: patch_level=0x0a50000c
6月 03 18:27:11 fedora kernel: microcode: CPU3: patch_level=0x0a50000c
6月 03 18:27:11 fedora kernel: microcode: CPU4: patch_level=0x0a50000c
6月 03 18:27:11 fedora kernel: microcode: CPU5: patch_level=0x0a50000c
6月 03 18:27:11 fedora kernel: microcode: CPU6: patch_level=0x0a50000c
6月 03 18:27:11 fedora kernel: microcode: CPU7: patch_level=0x0a50000c
6月 03 18:27:11 fedora kernel: microcode: CPU8: patch_level=0x0a50000c
6月 03 18:27:11 fedora kernel: microcode: CPU9: patch_level=0x0a50000c
6月 03 18:27:11 fedora kernel: microcode: CPU10: patch_level=0x0a50000c
6月 03 18:27:11 fedora kernel: microcode: CPU11: patch_level=0x0a50000c
6月 03 18:27:11 fedora kernel: microcode: CPU12: patch_level=0x0a50000c
6月 03 18:27:11 fedora kernel: microcode: CPU13: patch_level=0x0a50000c
6月 03 18:27:11 fedora kernel: microcode: CPU14: patch_level=0x0a50000c
6月 03 18:27:11 fedora kernel: microcode: CPU15: patch_level=0x0a50000c
6月 03 18:27:11 fedora kernel: microcode: Microcode Update Driver: v2.2.
6月 03 18:27:11 fedora kernel: resctrl: L3 allocation detected
6月 03 18:27:11 fedora kernel: resctrl: MB allocation detected
6月 03 18:27:11 fedora kernel: resctrl: L3 monitoring detected
6月 03 18:27:11 fedora kernel: IPI shorthand broadcast: enabled
6月 03 18:27:11 fedora kernel: AVX2 version of gcm_enc/dec engaged.
6月 03 18:27:11 fedora kernel: AES CTR mode by8 optimization enabled
6月 03 18:27:11 fedora kernel: sched_clock: Marking stable (734297155, 1264518)->(751739444, -16177771)
6月 03 18:27:11 fedora kernel: registered taskstats version 1
6月 03 18:27:11 fedora kernel: Loading compiled-in X.509 certificates
6月 03 18:27:11 fedora kernel: input: AT Translated Set 2 keyboard as /devices/platform/i8042/serio0/input/input3
6月 03 18:27:11 fedora kernel: Loaded X.509 cert 'Fedora kernel signing key: 8d76282a89402e961e4d858b69a10883725bd823'
6月 03 18:27:11 fedora kernel: zswap: loaded using pool lzo/zbud
6月 03 18:27:11 fedora kernel: page_owner is disabled
6月 03 18:27:11 fedora kernel: Key type ._fscrypt registered
6月 03 18:27:11 fedora kernel: Key type .fscrypt registered
6月 03 18:27:11 fedora kernel: Key type fscrypt-provisioning registered
6月 03 18:27:11 fedora kernel: Btrfs loaded, crc32c=crc32c-generic, zoned=yes, fsverity=yes
6月 03 18:27:11 fedora kernel: Key type big_key registered
6月 03 18:27:11 fedora kernel: Key type trusted registered
6月 03 18:27:11 fedora kernel: Key type encrypted registered
6月 03 18:27:11 fedora kernel: integrity: Loading X.509 certificate: UEFI:db
6月 03 18:27:11 fedora kernel: integrity: Loaded X.509 cert 'DO NOT TRUST - Test PK: ac15cc78505dfe8e4100aae9696ef35c'
6月 03 18:27:11 fedora kernel: integrity: Loading X.509 certificate: UEFI:db
6月 03 18:27:11 fedora kernel: integrity: Loaded X.509 cert 'Microsoft Corporation UEFI CA 2011: 13adbf4309bd82709c8cd54f316ed522988a1bd4'
6月 03 18:27:11 fedora kernel: integrity: Loading X.509 certificate: UEFI:db
6月 03 18:27:11 fedora kernel: integrity: Loaded X.509 cert 'Microsoft Windows Production PCA 2011: a92902398e16c49778cd90f99e4f9ae17c55af53'
6月 03 18:27:11 fedora kernel: Loading compiled-in module X.509 certificates
6月 03 18:27:11 fedora kernel: Loaded X.509 cert 'Fedora kernel signing key: 8d76282a89402e961e4d858b69a10883725bd823'
6月 03 18:27:11 fedora kernel: ima: Allocated hash algorithm: sha256
6月 03 18:27:11 fedora kernel: ima: No architecture policies found
6月 03 18:27:11 fedora kernel: evm: Initialising EVM extended attributes:
6月 03 18:27:11 fedora kernel: evm: security.selinux
6月 03 18:27:11 fedora kernel: evm: security.SMACK64 (disabled)
6月 03 18:27:11 fedora kernel: evm: security.SMACK64EXEC (disabled)
6月 03 18:27:11 fedora kernel: evm: security.SMACK64TRANSMUTE (disabled)
6月 03 18:27:11 fedora kernel: evm: security.SMACK64MMAP (disabled)
6月 03 18:27:11 fedora kernel: evm: security.apparmor (disabled)
6月 03 18:27:11 fedora kernel: evm: security.ima
6月 03 18:27:11 fedora kernel: evm: security.capability
6月 03 18:27:11 fedora kernel: evm: HMAC attrs: 0x1
6月 03 18:27:11 fedora kernel: alg: No test for 842 (842-scomp)
6月 03 18:27:11 fedora kernel: alg: No test for 842 (842-generic)
6月 03 18:27:11 fedora kernel: PM:   Magic number: 10:210:476
6月 03 18:27:11 fedora kernel: RAS: Correctable Errors collector initialized.
6月 03 18:27:11 fedora kernel: Freeing unused decrypted memory: 2036K
6月 03 18:27:11 fedora kernel: Freeing unused kernel image (initmem) memory: 2708K
6月 03 18:27:11 fedora kernel: Write protecting the kernel read-only data: 30720k
6月 03 18:27:11 fedora kernel: Freeing unused kernel image (text/rodata gap) memory: 2036K
6月 03 18:27:11 fedora kernel: Freeing unused kernel image (rodata/data gap) memory: 1108K
6月 03 18:27:11 fedora kernel: x86/mm: Checked W+X mappings: passed, no W+X pages found.
6月 03 18:27:11 fedora kernel: rodata_test: all tests were successful
6月 03 18:27:11 fedora kernel: Run /init as init process
6月 03 18:27:11 fedora kernel:   with arguments:
6月 03 18:27:11 fedora kernel:     /init
6月 03 18:27:11 fedora kernel:     rhgb
6月 03 18:27:11 fedora kernel:   with environment:
6月 03 18:27:11 fedora kernel:     HOME=/
6月 03 18:27:11 fedora kernel:     TERM=linux
6月 03 18:27:11 fedora kernel:     BOOT_IMAGE=(hd0,gpt2)/ostree/fedora-f5a96276436dff5631e221a4c9657b2cc4a1ce077e2dfc53a2cda8c65e2edd0b/vmlinuz-5.17.11-300.fc36.x86_64
6月 03 18:27:11 fedora kernel:     ostree=/ostree/boot.1/fedora/f5a96276436dff5631e221a4c9657b2cc4a1ce077e2dfc53a2cda8c65e2edd0b/0
6月 03 18:27:11 fedora systemd[1]: systemd v250.6-1.fc36 running in system mode (+PAM +AUDIT +SELINUX -APPARMOR +IMA +SMACK +SECCOMP +GCRYPT +GNUTLS +OPENSSL +ACL +BLKID +CURL +ELFUTILS +FIDO2 +IDN2 -IDN -IPTC +KMOD +LIBCRYPTSETUP +LIBFDISK +PCRE2 +PWQUALITY +P11KIT +QRENCODE +BZIP2 +LZ4 +XZ +ZLIB +ZSTD +BPF_FRAMEWORK +XKBCOMMON +UTMP +SYSVINIT default-hierarchy=unified)
6月 03 18:27:11 fedora systemd[1]: Detected architecture x86-64.
6月 03 18:27:11 fedora systemd[1]: Running in initial RAM disk.
6月 03 18:27:11 fedora systemd[1]: No hostname configured, using default hostname.
6月 03 18:27:11 fedora systemd[1]: Hostname set to <fedora>.
6月 03 18:27:11 fedora systemd[1]: Initializing machine ID from random generator.
6月 03 18:27:11 fedora systemd[1]: Failed to open libbpf, LSM BPF is not supported: Operation not supported
6月 03 18:27:11 fedora systemd[1]: Queued start job for default target initrd.target.
6月 03 18:27:11 fedora systemd[1]: Created slice system-systemd\x2dhibernate\x2dresume.slice - Slice /system/systemd-hibernate-resume.
6月 03 18:27:11 fedora systemd[1]: Reached target initrd-usr-fs.target - Initrd /usr File System.
6月 03 18:27:11 fedora systemd[1]: Reached target slices.target - Slice Units.
6月 03 18:27:11 fedora systemd[1]: Reached target swap.target - Swaps.
6月 03 18:27:11 fedora systemd[1]: Reached target timers.target - Timer Units.
6月 03 18:27:11 fedora systemd[1]: Listening on systemd-journald-audit.socket - Journal Audit Socket.
6月 03 18:27:11 fedora systemd[1]: Listening on systemd-journald-dev-log.socket - Journal Socket (/dev/log).
6月 03 18:27:11 fedora systemd[1]: Listening on systemd-journald.socket - Journal Socket.
6月 03 18:27:11 fedora systemd[1]: Listening on systemd-udevd-control.socket - udev Control Socket.
6月 03 18:27:11 fedora systemd[1]: Listening on systemd-udevd-kernel.socket - udev Kernel Socket.
6月 03 18:27:11 fedora systemd[1]: Reached target sockets.target - Socket Units.
6月 03 18:27:11 fedora systemd[1]: Starting kmod-static-nodes.service - Create List of Static Device Nodes...
6月 03 18:27:11 fedora systemd[1]: memstrack.service - Memstrack Anylazing Service was skipped because all trigger condition checks failed.
6月 03 18:27:11 fedora systemd[1]: Starting systemd-journald.service - Journal Service...
6月 03 18:27:11 fedora systemd[1]: Starting systemd-modules-load.service - Load Kernel Modules...
6月 03 18:27:11 fedora systemd[1]: Starting systemd-vconsole-setup.service - Setup Virtual Console...
6月 03 18:27:11 fedora systemd[1]: Finished kmod-static-nodes.service - Create List of Static Device Nodes.
6月 03 18:27:11 fedora systemd[1]: Starting systemd-tmpfiles-setup-dev.service - Create Static Device Nodes in /dev...
6月 03 18:27:11 fedora kernel: usb 3-3: new high-speed USB device number 2 using xhci_hcd
6月 03 18:27:11 fedora kernel: usb 1-2: new high-speed USB device number 2 using xhci_hcd
6月 03 18:27:11 fedora systemd[1]: Finished systemd-vconsole-setup.service - Setup Virtual Console.
6月 03 18:27:11 fedora systemd[1]: Starting dracut-cmdline-ask.service - dracut ask for additional cmdline parameters...
6月 03 18:27:11 fedora systemd[1]: Finished systemd-tmpfiles-setup-dev.service - Create Static Device Nodes in /dev.
6月 03 18:27:11 fedora kernel: fuse: init (API version 7.36)
6月 03 18:27:11 fedora kernel: IPMI message handler: version 39.2
6月 03 18:27:11 fedora kernel: ipmi device interface
6月 03 18:27:11 fedora systemd[1]: Finished dracut-cmdline-ask.service - dracut ask for additional cmdline parameters.
6月 03 18:27:11 fedora kernel: audit: type=1130 audit(1654252031.769:2): pid=1 uid=0 auid=4294967295 ses=4294967295 subj=kernel msg='unit=dracut-cmdline-ask comm="systemd" exe="/usr/lib/systemd/systemd" hostname=? addr=? terminal=? res=success'
6月 03 18:27:11 fedora systemd[1]: Starting dracut-cmdline.service - dracut cmdline hook...
6月 03 18:27:11 fedora systemd[1]: Finished systemd-modules-load.service - Load Kernel Modules.
6月 03 18:27:11 fedora kernel: audit: type=1130 audit(1654252031.772:3): pid=1 uid=0 auid=4294967295 ses=4294967295 subj=kernel msg='unit=systemd-modules-load comm="systemd" exe="/usr/lib/systemd/systemd" hostname=? addr=? terminal=? res=success'
6月 03 18:27:11 fedora systemd[1]: Starting systemd-sysctl.service - Apply Kernel Variables...
6月 03 18:27:11 fedora systemd[1]: Finished systemd-sysctl.service - Apply Kernel Variables.
6月 03 18:27:11 fedora kernel: audit: type=1130 audit(1654252031.775:4): pid=1 uid=0 auid=4294967295 ses=4294967295 subj=kernel msg='unit=systemd-sysctl comm="systemd" exe="/usr/lib/systemd/systemd" hostname=? addr=? terminal=? res=success'
6月 03 18:27:11 fedora systemd-journald[312]: Journal started
6月 03 18:27:11 fedora systemd-journald[312]: Runtime Journal (/run/log/journal/d0da5c276eae4e75bbc5734d3204384f) is 8.0M, max 631.2M, 623.2M free.
6月 03 18:27:11 fedora audit[1]: SERVICE_START pid=1 uid=0 auid=4294967295 ses=4294967295 subj=kernel msg='unit=dracut-cmdline-ask comm="systemd" exe="/usr/lib/systemd/systemd" hostname=? addr=? terminal=? res=success'
6月 03 18:27:11 fedora audit[1]: SERVICE_START pid=1 uid=0 auid=4294967295 ses=4294967295 subj=kernel msg='unit=systemd-modules-load comm="systemd" exe="/usr/lib/systemd/systemd" hostname=? addr=? terminal=? res=success'
6月 03 18:27:11 fedora audit[1]: SERVICE_START pid=1 uid=0 auid=4294967295 ses=4294967295 subj=kernel msg='unit=systemd-sysctl comm="systemd" exe="/usr/lib/systemd/systemd" hostname=? addr=? terminal=? res=success'
6月 03 18:27:11 fedora systemd-modules-load[313]: Inserted module 'fuse'
6月 03 18:27:11 fedora audit[1]: SERVICE_START pid=1 uid=0 auid=4294967295 ses=4294967295 subj=kernel msg='unit=systemd-journald comm="systemd" exe="/usr/lib/systemd/systemd" hostname=? addr=? terminal=? res=success'
6月 03 18:27:11 fedora systemd-modules-load[313]: Module 'msr' is built in
6月 03 18:27:11 fedora systemd-modules-load[313]: Inserted module 'ipmi_devintf'
6月 03 18:27:11 fedora systemd-modules-load[313]: Inserted module 'ip_tables'
6月 03 18:27:11 fedora systemd-modules-load[313]: Inserted module 'ip6_tables'
6月 03 18:27:11 fedora systemd[1]: Started systemd-journald.service - Journal Service.
6月 03 18:27:11 fedora kernel: audit: type=1130 audit(1654252031.778:5): pid=1 uid=0 auid=4294967295 ses=4294967295 subj=kernel msg='unit=systemd-journald comm="systemd" exe="/usr/lib/systemd/systemd" hostname=? addr=? terminal=? res=success'
6月 03 18:27:11 fedora dracut-cmdline[332]: dracut-36.20220603.0 (Kinoite) dracut-056-1.fc36
6月 03 18:27:11 fedora dracut-cmdline[332]: Using kernel command line parameters:  rd.driver.pre=btrfs   BOOT_IMAGE=(hd0,gpt2)/ostree/fedora-f5a96276436dff5631e221a4c9657b2cc4a1ce077e2dfc53a2cda8c65e2edd0b/vmlinuz-5.17.11-300.fc36.x86_64 resume=UUID=5ba106d7-6614-4e38-ba77-0244996d07d6 rhgb quiet r
6月 03 18:27:11 fedora dracut-cmdline[332]: oot=UUID=ebbb378b-00bf-44ef-8381-a90a0a449d6a rootflags=subvol=root ostree=/ostree/boot.1/fedora/f5a96276436dff5631e221a4c9657b2cc4a1ce077e2dfc53a2cda8c65e2edd0b/0 rd.driver.blacklist=nouveau modprobe.blacklist=nouveau nvidia-drm.modeset=1
6月 03 18:27:11 fedora systemd[1]: Finished dracut-cmdline.service - dracut cmdline hook.
6月 03 18:27:11 fedora audit[1]: SERVICE_START pid=1 uid=0 auid=4294967295 ses=4294967295 subj=kernel msg='unit=dracut-cmdline comm="systemd" exe="/usr/lib/systemd/systemd" hostname=? addr=? terminal=? res=success'
6月 03 18:27:11 fedora kernel: audit: type=1130 audit(1654252031.798:6): pid=1 uid=0 auid=4294967295 ses=4294967295 subj=kernel msg='unit=dracut-cmdline comm="systemd" exe="/usr/lib/systemd/systemd" hostname=? addr=? terminal=? res=success'
6月 03 18:27:11 fedora systemd[1]: Starting dracut-pre-udev.service - dracut pre-udev hook...
6月 03 18:27:11 fedora systemd[1]: Finished dracut-pre-udev.service - dracut pre-udev hook.
6月 03 18:27:11 fedora audit[1]: SERVICE_START pid=1 uid=0 auid=4294967295 ses=4294967295 subj=kernel msg='unit=dracut-pre-udev comm="systemd" exe="/usr/lib/systemd/systemd" hostname=? addr=? terminal=? res=success'
6月 03 18:27:11 fedora audit: BPF prog-id=6 op=LOAD
6月 03 18:27:11 fedora kernel: audit: type=1130 audit(1654252031.809:7): pid=1 uid=0 auid=4294967295 ses=4294967295 subj=kernel msg='unit=dracut-pre-udev comm="systemd" exe="/usr/lib/systemd/systemd" hostname=? addr=? terminal=? res=success'
6月 03 18:27:11 fedora kernel: audit: type=1334 audit(1654252031.809:8): prog-id=6 op=LOAD
6月 03 18:27:11 fedora audit: BPF prog-id=7 op=LOAD
6月 03 18:27:11 fedora audit: BPF prog-id=8 op=LOAD
6月 03 18:27:11 fedora systemd[1]: Starting systemd-udevd.service - Rule-based Manager for Device Events and Files...
6月 03 18:27:11 fedora kernel: audit: type=1334 audit(1654252031.809:9): prog-id=7 op=LOAD
6月 03 18:27:11 fedora kernel: audit: type=1334 audit(1654252031.809:10): prog-id=8 op=LOAD
6月 03 18:27:11 fedora systemd[1]: Started systemd-udevd.service - Rule-based Manager for Device Events and Files.
6月 03 18:27:11 fedora audit[1]: SERVICE_START pid=1 uid=0 auid=4294967295 ses=4294967295 subj=kernel msg='unit=systemd-udevd comm="systemd" exe="/usr/lib/systemd/systemd" hostname=? addr=? terminal=? res=success'
6月 03 18:27:11 fedora systemd[1]: Starting dracut-pre-trigger.service - dracut pre-trigger hook...
6月 03 18:27:11 fedora dracut-pre-trigger[451]: rd.md=0: removing MD RAID activation
6月 03 18:27:11 fedora systemd[1]: Finished dracut-pre-trigger.service - dracut pre-trigger hook.
6月 03 18:27:11 fedora audit[1]: SERVICE_START pid=1 uid=0 auid=4294967295 ses=4294967295 subj=kernel msg='unit=dracut-pre-trigger comm="systemd" exe="/usr/lib/systemd/systemd" hostname=? addr=? terminal=? res=success'
6月 03 18:27:11 fedora systemd[1]: Starting systemd-udev-trigger.service - Coldplug All udev Devices...
6月 03 18:27:11 fedora kernel: usb 1-2: New USB device found, idVendor=05e3, idProduct=0610, bcdDevice=23.11
6月 03 18:27:11 fedora kernel: usb 1-2: New USB device strings: Mfr=1, Product=2, SerialNumber=0
6月 03 18:27:11 fedora kernel: usb 1-2: Product: USB2.1 Hub
6月 03 18:27:11 fedora kernel: usb 1-2: Manufacturer: GenesysLogic
6月 03 18:27:11 fedora kernel: usb 3-3: New USB device found, idVendor=05e3, idProduct=0608, bcdDevice=60.70
6月 03 18:27:11 fedora kernel: usb 3-3: New USB device strings: Mfr=0, Product=0, SerialNumber=0
6月 03 18:27:11 fedora systemd[1]: Finished systemd-udev-trigger.service - Coldplug All udev Devices.
6月 03 18:27:11 fedora audit[1]: SERVICE_START pid=1 uid=0 auid=4294967295 ses=4294967295 subj=kernel msg='unit=systemd-udev-trigger comm="systemd" exe="/usr/lib/systemd/systemd" hostname=? addr=? terminal=? res=success'
6月 03 18:27:11 fedora kernel: ACPI: video: Video Device [VGA] (multi-head: yes  rom: no  post: no)
6月 03 18:27:11 fedora kernel: acpi device:0d: registered as cooling_device16
6月 03 18:27:11 fedora kernel: input: Video Bus as /devices/LNXSYSTM:00/LNXSYBUS:00/PNP0A08:00/device:0c/LNXVIDEO:00/input/input4
6月 03 18:27:11 fedora kernel: ACPI: video: Video Device [PEGP] (multi-head: no  rom: yes  post: no)
6月 03 18:27:11 fedora kernel: input: Video Bus as /devices/LNXSYSTM:00/LNXSYBUS:00/PNP0A08:00/device:3a/LNXVIDEO:01/input/input5
6月 03 18:27:11 fedora systemd[1]: Starting dracut-initqueue.service - dracut initqueue hook...
6月 03 18:27:11 fedora systemd[1]: Starting plymouth-start.service - Show Plymouth Boot Screen...
6月 03 18:27:11 fedora systemd[1]: Starting systemd-udev-settle.service - Wait for udev To Complete Device Initialization...
6月 03 18:27:11 fedora systemd[1]: Received SIGRTMIN+20 from PID 541 (plymouthd).
6月 03 18:27:11 fedora kernel: acpi PNP0C14:01: duplicate WMI GUID ABBC0F6A-8EA1-11D1-00A0-C90629100000 (first instance was on PNP0C14:00)
6月 03 18:27:11 fedora kernel: acpi PNP0C14:01: duplicate WMI GUID 05901221-D566-11D1-B2F0-00A0C9062910 (first instance was on PNP0C14:00)
6月 03 18:27:11 fedora kernel: sp5100_tco: SP5100/SB800 TCO WatchDog Timer Driver
6月 03 18:27:11 fedora kernel: sp5100-tco sp5100-tco: Using 0xfeb00000 for watchdog MMIO address
6月 03 18:27:11 fedora kernel: sp5100-tco sp5100-tco: initialized. heartbeat=60 sec (nowayout=0)
6月 03 18:27:11 fedora kernel: ccp 0000:06:00.2: enabling device (0000 -> 0002)
6月 03 18:27:11 fedora kernel: ccp 0000:06:00.2: ccp: unable to access the device: you might be running a broken BIOS.
6月 03 18:27:11 fedora systemd[1]: Started plymouth-start.service - Show Plymouth Boot Screen.
6月 03 18:27:11 fedora audit[1]: SERVICE_START pid=1 uid=0 auid=4294967295 ses=4294967295 subj=kernel msg='unit=plymouth-start comm="systemd" exe="/usr/lib/systemd/systemd" hostname=? addr=? terminal=? res=success'
6月 03 18:27:11 fedora systemd[1]: systemd-ask-password-console.path - Dispatch Password Requests to Console Directory Watch was skipped because of a failed condition check (ConditionPathExists=!/run/plymouth/pid).
6月 03 18:27:11 fedora systemd[1]: Started systemd-ask-password-plymouth.path - Forward Password Requests to Plymouth Directory Watch.
6月 03 18:27:11 fedora systemd[1]: Reached target cryptsetup.target - Local Encrypted Volumes.
6月 03 18:27:11 fedora systemd[1]: Reached target paths.target - Path Units.
6月 03 18:27:11 fedora kernel: ccp 0000:06:00.2: tee enabled
6月 03 18:27:11 fedora kernel: ccp 0000:06:00.2: psp enabled
6月 03 18:27:11 fedora udevadm[540]: systemd-udev-settle.service is deprecated. Please fix multipathd-configure.service not to pull it in.
6月 03 18:27:11 fedora kernel: hub 1-2:1.0: USB hub found
6月 03 18:27:11 fedora kernel: hub 1-2:1.0: 2 ports detected
6月 03 18:27:11 fedora kernel: hub 3-3:1.0: USB hub found
6月 03 18:27:11 fedora kernel: hub 3-3:1.0: 4 ports detected
6月 03 18:27:12 fedora kernel: usb 2-1: new SuperSpeed USB device number 2 using xhci_hcd
6月 03 18:27:12 fedora kernel: usb 2-1: New USB device found, idVendor=0bda, idProduct=0316, bcdDevice= 2.04
6月 03 18:27:12 fedora kernel: usb 2-1: New USB device strings: Mfr=1, Product=2, SerialNumber=3
6月 03 18:27:12 fedora kernel: usb 2-1: Product: USB3.0-CRW
6月 03 18:27:12 fedora kernel: usb 2-1: Manufacturer: Generic
6月 03 18:27:12 fedora kernel: usb 2-1: SerialNumber: 20120501030900000
6月 03 18:27:12 fedora kernel: input: UNIW0001:00 093A:0255 Mouse as /devices/platform/AMDI0010:01/i2c-0/i2c-UNIW0001:00/0018:093A:0255.0001/input/input6
6月 03 18:27:12 fedora kernel: input: UNIW0001:00 093A:0255 Touchpad as /devices/platform/AMDI0010:01/i2c-0/i2c-UNIW0001:00/0018:093A:0255.0001/input/input7
6月 03 18:27:12 fedora kernel: hid-generic 0018:093A:0255.0001: input,hidraw0: I2C HID v1.00 Mouse [UNIW0001:00 093A:0255] on i2c-UNIW0001:00
6月 03 18:27:12 fedora kernel: nvme 0000:03:00.0: platform quirk: setting simple suspend
6月 03 18:27:12 fedora kernel: nvme nvme0: pci function 0000:03:00.0
6月 03 18:27:12 fedora kernel: nvme 0000:05:00.0: platform quirk: setting simple suspend
6月 03 18:27:12 fedora kernel: nvme nvme1: pci function 0000:05:00.0
6月 03 18:27:12 fedora kernel: nvme nvme1: Shutdown timeout set to 8 seconds
6月 03 18:27:12 fedora kernel: usb 3-4: new full-speed USB device number 3 using xhci_hcd
6月 03 18:27:12 fedora kernel: nvme nvme0: allocated 32 MiB host memory buffer.
6月 03 18:27:12 fedora kernel: nvme nvme0: 16/0/0 default/read/poll queues
6月 03 18:27:12 fedora kernel:  nvme0n1: p1 p2 p3 p4 p5 p6 p7
6月 03 18:27:12 fedora kernel: input: UNIW0001:00 093A:0255 Mouse as /devices/platform/AMDI0010:01/i2c-0/i2c-UNIW0001:00/0018:093A:0255.0001/input/input8
6月 03 18:27:12 fedora kernel: input: UNIW0001:00 093A:0255 Touchpad as /devices/platform/AMDI0010:01/i2c-0/i2c-UNIW0001:00/0018:093A:0255.0001/input/input9
6月 03 18:27:12 fedora kernel: hid-multitouch 0018:093A:0255.0001: input,hidraw0: I2C HID v1.00 Mouse [UNIW0001:00 093A:0255] on i2c-UNIW0001:00
6月 03 18:27:12 fedora kernel: nvme nvme1: allocated 64 MiB host memory buffer.
6月 03 18:27:12 fedora kernel: usb 1-4: new high-speed USB device number 3 using xhci_hcd
6月 03 18:27:12 fedora kernel: nvme nvme1: 12/0/0 default/read/poll queues
6月 03 18:27:12 fedora kernel:  nvme1n1: p1 p2 p3
6月 03 18:27:12 fedora kernel: AMD-Vi: AMD IOMMUv2 loaded and initialized
6月 03 18:27:12 fedora kernel: BTRFS: device label newhome devid 1 transid 19490 /dev/nvme0n1p6 scanned by systemd-udevd (580)
6月 03 18:27:12 fedora kernel: BTRFS: device label fedora_fedora devid 1 transid 37483 /dev/nvme0n1p4 scanned by systemd-udevd (566)
6月 03 18:27:12 fedora kernel: BTRFS: device label newhome devid 2 transid 19490 /dev/nvme0n1p7 scanned by systemd-udevd (593)
6月 03 18:27:12 fedora kernel: usb 3-4: New USB device found, idVendor=8087, idProduct=0029, bcdDevice= 0.01
6月 03 18:27:12 fedora kernel: usb 3-4: New USB device strings: Mfr=0, Product=0, SerialNumber=0
6月 03 18:27:12 fedora systemd[1]: Found device dev-disk-by\x2duuid-5ba106d7\x2d6614\x2d4e38\x2dba77\x2d0244996d07d6.device - SanDisk Ultra 3D NVMe 5.
6月 03 18:27:12 fedora systemd[1]: Starting systemd-hibernate-resume@dev-disk-by\x2duuid-5ba106d7\x2d6614\x2d4e38\x2dba77\x2d0244996d07d6.service - Resume from hibernation using device /dev/disk/by-uuid/5ba106d7-6614-4e38-ba77-0244996d07d6...
6月 03 18:27:12 fedora systemd-hibernate-resume[635]: Could not resume from '/dev/disk/by-uuid/5ba106d7-6614-4e38-ba77-0244996d07d6' (259:5).
6月 03 18:27:12 fedora systemd[1]: systemd-hibernate-resume@dev-disk-by\x2duuid-5ba106d7\x2d6614\x2d4e38\x2dba77\x2d0244996d07d6.service: Deactivated successfully.
6月 03 18:27:12 fedora systemd[1]: Finished systemd-hibernate-resume@dev-disk-by\x2duuid-5ba106d7\x2d6614\x2d4e38\x2dba77\x2d0244996d07d6.service - Resume from hibernation using device /dev/disk/by-uuid/5ba106d7-6614-4e38-ba77-0244996d07d6.
6月 03 18:27:12 fedora audit[1]: SERVICE_START pid=1 uid=0 auid=4294967295 ses=4294967295 subj=kernel msg='unit=systemd-hibernate-resume@dev-disk-by\x2duuid-5ba106d7\x2d6614\x2d4e38\x2dba77\x2d0244996d07d6 comm="systemd" exe="/usr/lib/systemd/systemd" hostname=? addr=? terminal=? res=success'
6月 03 18:27:12 fedora audit[1]: SERVICE_STOP pid=1 uid=0 auid=4294967295 ses=4294967295 subj=kernel msg='unit=systemd-hibernate-resume@dev-disk-by\x2duuid-5ba106d7\x2d6614\x2d4e38\x2dba77\x2d0244996d07d6 comm="systemd" exe="/usr/lib/systemd/systemd" hostname=? addr=? terminal=? res=success'
6月 03 18:27:12 fedora kernel: PM: Image not found (code -22)
6月 03 18:27:12 fedora systemd[1]: Found device dev-disk-by\x2duuid-ebbb378b\x2d00bf\x2d44ef\x2d8381\x2da90a0a449d6a.device - SanDisk Ultra 3D NVMe fedora_fedora.
6月 03 18:27:12 fedora systemd[1]: Reached target initrd-root-device.target - Initrd Root Device.
6月 03 18:27:12 fedora kernel: usb 3-3.1: new full-speed USB device number 4 using xhci_hcd
6月 03 18:27:12 fedora kernel: usb 1-4: New USB device found, idVendor=04f2, idProduct=b71a, bcdDevice= 0.03
6月 03 18:27:12 fedora kernel: usb 1-4: New USB device strings: Mfr=1, Product=2, SerialNumber=3
6月 03 18:27:12 fedora kernel: usb 1-4: Product: HD Webcam
6月 03 18:27:12 fedora kernel: usb 1-4: Manufacturer: SunplusIT Inc
6月 03 18:27:12 fedora kernel: usb 1-4: SerialNumber: 01.00.00
6月 03 18:27:12 fedora kernel: [drm] amdgpu kernel modesetting enabled.
6月 03 18:27:12 fedora kernel: amdgpu: vga_switcheroo: detected switching method \_SB_.PCI0.GP17.VGA_.ATPX handle
6月 03 18:27:12 fedora kernel: ATPX version 1, functions 0x00000001
6月 03 18:27:12 fedora kernel: ATPX Hybrid Graphics
6月 03 18:27:12 fedora kernel: usb 3-3.1: New USB device found, idVendor=048d, idProduct=ce00, bcdDevice= 0.02
6月 03 18:27:12 fedora kernel: usb 3-3.1: New USB device strings: Mfr=1, Product=2, SerialNumber=0
6月 03 18:27:12 fedora kernel: usb 3-3.1: Product: ITE Device(8291)
6月 03 18:27:12 fedora kernel: usb 3-3.1: Manufacturer: ITE Tech. Inc.
6月 03 18:27:12 fedora kernel: amdgpu: Virtual CRAT table created for CPU
6月 03 18:27:12 fedora kernel: amdgpu: Topology: Add CPU node
6月 03 18:27:12 fedora kernel: checking generic (fe10000000 e10000) vs hw (fe10000000 10000000)
6月 03 18:27:12 fedora kernel: checking generic (fe10000000 e10000) vs hw (fe10000000 10000000)
6月 03 18:27:12 fedora kernel: fb0: switching to amdgpu from EFI VGA
6月 03 18:27:12 fedora kernel: amdgpu 0000:06:00.0: vgaarb: deactivate vga console
6月 03 18:27:12 fedora kernel: amdgpu 0000:06:00.0: enabling device (0006 -> 0007)
6月 03 18:27:12 fedora kernel: [drm] initializing kernel modesetting (RENOIR 0x1002:0x1638 0x1D05:0x1111 0xC4).
6月 03 18:27:12 fedora kernel: amdgpu 0000:06:00.0: amdgpu: Trusted Memory Zone (TMZ) feature enabled
6月 03 18:27:12 fedora kernel: [drm] register mmio base: 0xFC500000
6月 03 18:27:12 fedora kernel: [drm] register mmio size: 524288
6月 03 18:27:12 fedora kernel: [drm] add ip block number 0 <soc15_common>
6月 03 18:27:12 fedora kernel: [drm] add ip block number 1 <gmc_v9_0>
6月 03 18:27:12 fedora kernel: [drm] add ip block number 2 <vega10_ih>
6月 03 18:27:12 fedora kernel: [drm] add ip block number 3 <psp>
6月 03 18:27:12 fedora kernel: [drm] add ip block number 4 <smu>
6月 03 18:27:12 fedora kernel: [drm] add ip block number 5 <dm>
6月 03 18:27:12 fedora kernel: [drm] add ip block number 6 <gfx_v9_0>
6月 03 18:27:12 fedora kernel: [drm] add ip block number 7 <sdma_v4_0>
6月 03 18:27:12 fedora kernel: [drm] add ip block number 8 <vcn_v2_0>
6月 03 18:27:12 fedora kernel: [drm] add ip block number 9 <jpeg_v2_0>
6月 03 18:27:12 fedora kernel: amdgpu 0000:06:00.0: amdgpu: Fetched VBIOS from VFCT
6月 03 18:27:12 fedora kernel: amdgpu: ATOM BIOS: 113-CEZANNE-017
6月 03 18:27:12 fedora kernel: [drm] VCN decode is enabled in VM mode
6月 03 18:27:12 fedora kernel: [drm] VCN encode is enabled in VM mode
6月 03 18:27:12 fedora kernel: [drm] JPEG decode is enabled in VM mode
6月 03 18:27:12 fedora kernel: amdgpu 0000:06:00.0: amdgpu: PCIE atomic ops is not supported
6月 03 18:27:12 fedora kernel: [drm] vm size is 262144 GB, 4 levels, block size is 9-bit, fragment size is 9-bit
6月 03 18:27:12 fedora kernel: amdgpu 0000:06:00.0: amdgpu: VRAM: 512M 0x000000F400000000 - 0x000000F41FFFFFFF (512M used)
6月 03 18:27:12 fedora kernel: amdgpu 0000:06:00.0: amdgpu: GART: 1024M 0x0000000000000000 - 0x000000003FFFFFFF
6月 03 18:27:12 fedora kernel: amdgpu 0000:06:00.0: amdgpu: AGP: 267419648M 0x000000F800000000 - 0x0000FFFFFFFFFFFF
6月 03 18:27:12 fedora kernel: [drm] Detected VRAM RAM=512M, BAR=512M
6月 03 18:27:12 fedora kernel: [drm] RAM width 128bits DDR4
6月 03 18:27:12 fedora kernel: [drm] amdgpu: 512M of VRAM memory ready
6月 03 18:27:12 fedora kernel: [drm] amdgpu: 3072M of GTT memory ready.
6月 03 18:27:12 fedora kernel: [drm] GART: num cpu pages 262144, num gpu pages 262144
